// Jest Snapshot v1, https://goo.gl/fbAQLP

exports[`testing redux store redux store is setup correctly 1`] = `
Object {
  "genres": Array [],
  "isGrid": Object {
    "isGrid": true,
  },
  "movies": Object {
    "currentMovieDetails": Object {
      "backdroPath": "",
      "genres": Array [],
      "overview": "",
      "runtime": 0,
      "title": "",
      "voteAverage": 0,
    },
    "currentMovieTrailerKey": "",
    "movies": Array [],
    "page": 1,
    "pageSize": 16,
    "totalPages": 0,
  },
  "query": Object {
    "adult": false,
    "apiKey": "e5dc29ce2b6d31bb5c5306f6a7469ba2",
    "basePath": "https://api.themoviedb.org/3",
    "lang": "en-US",
  },
  "router": Object {
    "action": "POP",
    "location": Object {
      "hash": "",
      "pathname": "/",
      "query": Object {},
      "search": "",
      "state": undefined,
    },
  },
  "status": Object {
    "status": "loading",
  },
}
`;
