// Jest Snapshot v1, https://goo.gl/fbAQLP

exports[`render App component App renders correctly 1`] = `
<React.Fragment>
  <Header
    className="primary"
  >
    <Logo
      theme="primary"
    />
    <SearchForm
      handleSearchSubmit={[Function]}
    />
  </Header>
  <SearchResultsPageContainer />
  <Footer />
</React.Fragment>
`;

exports[`render App component App renders handleSearchSubmit correctly 1`] = `
<React.Fragment>
  <Header
    className="primary"
  >
    <Logo
      theme="primary"
    />
    <SearchForm
      handleSearchSubmit={[Function]}
    />
  </Header>
  <SearchResultsPageContainer />
  <Footer />
</React.Fragment>
`;
