// Jest Snapshot v1, https://goo.gl/fbAQLP

exports[`render SearchResultsPage component handle cleanUp function in useEffect 1`] = `
<SearchResultsPage
  genres={
    Array [
      Object {
        "id": 1,
        "name": "Action",
      },
    ]
  }
  handleGridToggle={[Function]}
  handleModalToggle={[MockFunction]}
  isGrid={true}
  isModalOpened={false}
  movies={
    Array [
      Object {
        "adult": false,
        "backdropPath": "/test.jpg",
        "genreIds": Array [
          1,
          2,
        ],
        "id": 1,
        "originalLanguage": "en",
        "originalTitle": "test",
        "overview": "test",
        "popularity": 1,
        "posterPath": "/test.jpg",
        "releaseDate": "1",
        "title": "test",
        "video": false,
        "voteAverage": 1,
        "voteCount": 1,
      },
      Object {
        "adult": false,
        "backdropPath": "/test.jpg",
        "genreIds": Array [
          1,
          2,
        ],
        "id": 1,
        "originalLanguage": "en",
        "originalTitle": "test",
        "overview": "test",
        "popularity": 1,
        "posterPath": "/test.jpg",
        "releaseDate": "1",
        "title": "test",
        "video": false,
        "voteAverage": 1,
        "voteCount": 1,
      },
      Object {
        "adult": false,
        "backdropPath": "/test.jpg",
        "genreIds": Array [
          1,
          2,
        ],
        "id": 1,
        "originalLanguage": "en",
        "originalTitle": "test",
        "overview": "test",
        "popularity": 1,
        "posterPath": "/test.jpg",
        "releaseDate": "1",
        "title": "test",
        "video": false,
        "voteAverage": 1,
        "voteCount": 1,
      },
      Object {
        "adult": false,
        "backdropPath": "/test.jpg",
        "genreIds": Array [
          1,
          2,
        ],
        "id": 1,
        "originalLanguage": "en",
        "originalTitle": "test",
        "overview": "test",
        "popularity": 1,
        "posterPath": "/test.jpg",
        "releaseDate": "1",
        "title": "test",
        "video": false,
        "voteAverage": 1,
        "voteCount": 1,
      },
      Object {
        "adult": false,
        "backdropPath": "/test.jpg",
        "genreIds": Array [
          1,
          2,
        ],
        "id": 1,
        "originalLanguage": "en",
        "originalTitle": "test",
        "overview": "test",
        "popularity": 1,
        "posterPath": "/test.jpg",
        "releaseDate": "1",
        "title": "test",
        "video": false,
        "voteAverage": 1,
        "voteCount": 1,
      },
      Object {
        "adult": false,
        "backdropPath": "/test.jpg",
        "genreIds": Array [
          1,
          2,
        ],
        "id": 1,
        "originalLanguage": "en",
        "originalTitle": "test",
        "overview": "test",
        "popularity": 1,
        "posterPath": "/test.jpg",
        "releaseDate": "1",
        "title": "test",
        "video": false,
        "voteAverage": 1,
        "voteCount": 1,
      },
      Object {
        "adult": false,
        "backdropPath": "/test.jpg",
        "genreIds": Array [
          1,
          2,
        ],
        "id": 1,
        "originalLanguage": "en",
        "originalTitle": "test",
        "overview": "test",
        "popularity": 1,
        "posterPath": "/test.jpg",
        "releaseDate": "1",
        "title": "test",
        "video": false,
        "voteAverage": 1,
        "voteCount": 1,
      },
      Object {
        "adult": false,
        "backdropPath": "/test.jpg",
        "genreIds": Array [
          1,
          2,
        ],
        "id": 1,
        "originalLanguage": "en",
        "originalTitle": "test",
        "overview": "test",
        "popularity": 1,
        "posterPath": "/test.jpg",
        "releaseDate": "1",
        "title": "test",
        "video": false,
        "voteAverage": 1,
        "voteCount": 1,
      },
      Object {
        "adult": false,
        "backdropPath": "/test.jpg",
        "genreIds": Array [
          1,
          2,
        ],
        "id": 1,
        "originalLanguage": "en",
        "originalTitle": "test",
        "overview": "test",
        "popularity": 1,
        "posterPath": "/test.jpg",
        "releaseDate": "1",
        "title": "test",
        "video": false,
        "voteAverage": 1,
        "voteCount": 1,
      },
      Object {
        "adult": false,
        "backdropPath": "/test.jpg",
        "genreIds": Array [
          1,
          2,
        ],
        "id": 1,
        "originalLanguage": "en",
        "originalTitle": "test",
        "overview": "test",
        "popularity": 1,
        "posterPath": "/test.jpg",
        "releaseDate": "1",
        "title": "test",
        "video": false,
        "voteAverage": 1,
        "voteCount": 1,
      },
      Object {
        "adult": false,
        "backdropPath": "/test.jpg",
        "genreIds": Array [
          1,
          2,
        ],
        "id": 1,
        "originalLanguage": "en",
        "originalTitle": "test",
        "overview": "test",
        "popularity": 1,
        "posterPath": "/test.jpg",
        "releaseDate": "1",
        "title": "test",
        "video": false,
        "voteAverage": 1,
        "voteCount": 1,
      },
      Object {
        "adult": false,
        "backdropPath": "/test.jpg",
        "genreIds": Array [
          1,
          2,
        ],
        "id": 1,
        "originalLanguage": "en",
        "originalTitle": "test",
        "overview": "test",
        "popularity": 1,
        "posterPath": "/test.jpg",
        "releaseDate": "1",
        "title": "test",
        "video": false,
        "voteAverage": 1,
        "voteCount": 1,
      },
      Object {
        "adult": false,
        "backdropPath": "/test.jpg",
        "genreIds": Array [
          1,
          2,
        ],
        "id": 1,
        "originalLanguage": "en",
        "originalTitle": "test",
        "overview": "test",
        "popularity": 1,
        "posterPath": "/test.jpg",
        "releaseDate": "1",
        "title": "test",
        "video": false,
        "voteAverage": 1,
        "voteCount": 1,
      },
      Object {
        "adult": false,
        "backdropPath": "/test.jpg",
        "genreIds": Array [
          1,
          2,
        ],
        "id": 1,
        "originalLanguage": "en",
        "originalTitle": "test",
        "overview": "test",
        "popularity": 1,
        "posterPath": "/test.jpg",
        "releaseDate": "1",
        "title": "test",
        "video": false,
        "voteAverage": 1,
        "voteCount": 1,
      },
      Object {
        "adult": false,
        "backdropPath": "/test.jpg",
        "genreIds": Array [
          1,
          2,
        ],
        "id": 1,
        "originalLanguage": "en",
        "originalTitle": "test",
        "overview": "test",
        "popularity": 1,
        "posterPath": "/test.jpg",
        "releaseDate": "1",
        "title": "test",
        "video": false,
        "voteAverage": 1,
        "voteCount": 1,
      },
      Object {
        "adult": false,
        "backdropPath": "/test.jpg",
        "genreIds": Array [
          1,
          2,
        ],
        "id": 1,
        "originalLanguage": "en",
        "originalTitle": "test",
        "overview": "test",
        "popularity": 1,
        "posterPath": "/test.jpg",
        "releaseDate": "1",
        "title": "test",
        "video": false,
        "voteAverage": 1,
        "voteCount": 1,
      },
    ]
  }
  status="loading"
/>
`;

exports[`render SearchResultsPage component removes scroll event listener when all movies are loaded 1`] = `
<SearchResultsPage
  genres={
    Array [
      Object {
        "id": 1,
        "name": "Action",
      },
    ]
  }
  handleGridToggle={[Function]}
  handleModalToggle={[MockFunction]}
  isGrid={true}
  isModalOpened={false}
  movies={
    Array [
      Object {
        "adult": false,
        "backdropPath": "/test.jpg",
        "genreIds": Array [
          1,
          2,
        ],
        "id": 1,
        "originalLanguage": "en",
        "originalTitle": "test",
        "overview": "test",
        "popularity": 1,
        "posterPath": "/test.jpg",
        "releaseDate": "1",
        "title": "test",
        "video": false,
        "voteAverage": 1,
        "voteCount": 1,
      },
      Object {
        "adult": false,
        "backdropPath": "/test.jpg",
        "genreIds": Array [
          1,
          2,
        ],
        "id": 1,
        "originalLanguage": "en",
        "originalTitle": "test",
        "overview": "test",
        "popularity": 1,
        "posterPath": "/test.jpg",
        "releaseDate": "1",
        "title": "test",
        "video": false,
        "voteAverage": 1,
        "voteCount": 1,
      },
      Object {
        "adult": false,
        "backdropPath": "/test.jpg",
        "genreIds": Array [
          1,
          2,
        ],
        "id": 1,
        "originalLanguage": "en",
        "originalTitle": "test",
        "overview": "test",
        "popularity": 1,
        "posterPath": "/test.jpg",
        "releaseDate": "1",
        "title": "test",
        "video": false,
        "voteAverage": 1,
        "voteCount": 1,
      },
      Object {
        "adult": false,
        "backdropPath": "/test.jpg",
        "genreIds": Array [
          1,
          2,
        ],
        "id": 1,
        "originalLanguage": "en",
        "originalTitle": "test",
        "overview": "test",
        "popularity": 1,
        "posterPath": "/test.jpg",
        "releaseDate": "1",
        "title": "test",
        "video": false,
        "voteAverage": 1,
        "voteCount": 1,
      },
      Object {
        "adult": false,
        "backdropPath": "/test.jpg",
        "genreIds": Array [
          1,
          2,
        ],
        "id": 1,
        "originalLanguage": "en",
        "originalTitle": "test",
        "overview": "test",
        "popularity": 1,
        "posterPath": "/test.jpg",
        "releaseDate": "1",
        "title": "test",
        "video": false,
        "voteAverage": 1,
        "voteCount": 1,
      },
      Object {
        "adult": false,
        "backdropPath": "/test.jpg",
        "genreIds": Array [
          1,
          2,
        ],
        "id": 1,
        "originalLanguage": "en",
        "originalTitle": "test",
        "overview": "test",
        "popularity": 1,
        "posterPath": "/test.jpg",
        "releaseDate": "1",
        "title": "test",
        "video": false,
        "voteAverage": 1,
        "voteCount": 1,
      },
      Object {
        "adult": false,
        "backdropPath": "/test.jpg",
        "genreIds": Array [
          1,
          2,
        ],
        "id": 1,
        "originalLanguage": "en",
        "originalTitle": "test",
        "overview": "test",
        "popularity": 1,
        "posterPath": "/test.jpg",
        "releaseDate": "1",
        "title": "test",
        "video": false,
        "voteAverage": 1,
        "voteCount": 1,
      },
      Object {
        "adult": false,
        "backdropPath": "/test.jpg",
        "genreIds": Array [
          1,
          2,
        ],
        "id": 1,
        "originalLanguage": "en",
        "originalTitle": "test",
        "overview": "test",
        "popularity": 1,
        "posterPath": "/test.jpg",
        "releaseDate": "1",
        "title": "test",
        "video": false,
        "voteAverage": 1,
        "voteCount": 1,
      },
      Object {
        "adult": false,
        "backdropPath": "/test.jpg",
        "genreIds": Array [
          1,
          2,
        ],
        "id": 1,
        "originalLanguage": "en",
        "originalTitle": "test",
        "overview": "test",
        "popularity": 1,
        "posterPath": "/test.jpg",
        "releaseDate": "1",
        "title": "test",
        "video": false,
        "voteAverage": 1,
        "voteCount": 1,
      },
      Object {
        "adult": false,
        "backdropPath": "/test.jpg",
        "genreIds": Array [
          1,
          2,
        ],
        "id": 1,
        "originalLanguage": "en",
        "originalTitle": "test",
        "overview": "test",
        "popularity": 1,
        "posterPath": "/test.jpg",
        "releaseDate": "1",
        "title": "test",
        "video": false,
        "voteAverage": 1,
        "voteCount": 1,
      },
      Object {
        "adult": false,
        "backdropPath": "/test.jpg",
        "genreIds": Array [
          1,
          2,
        ],
        "id": 1,
        "originalLanguage": "en",
        "originalTitle": "test",
        "overview": "test",
        "popularity": 1,
        "posterPath": "/test.jpg",
        "releaseDate": "1",
        "title": "test",
        "video": false,
        "voteAverage": 1,
        "voteCount": 1,
      },
      Object {
        "adult": false,
        "backdropPath": "/test.jpg",
        "genreIds": Array [
          1,
          2,
        ],
        "id": 1,
        "originalLanguage": "en",
        "originalTitle": "test",
        "overview": "test",
        "popularity": 1,
        "posterPath": "/test.jpg",
        "releaseDate": "1",
        "title": "test",
        "video": false,
        "voteAverage": 1,
        "voteCount": 1,
      },
      Object {
        "adult": false,
        "backdropPath": "/test.jpg",
        "genreIds": Array [
          1,
          2,
        ],
        "id": 1,
        "originalLanguage": "en",
        "originalTitle": "test",
        "overview": "test",
        "popularity": 1,
        "posterPath": "/test.jpg",
        "releaseDate": "1",
        "title": "test",
        "video": false,
        "voteAverage": 1,
        "voteCount": 1,
      },
      Object {
        "adult": false,
        "backdropPath": "/test.jpg",
        "genreIds": Array [
          1,
          2,
        ],
        "id": 1,
        "originalLanguage": "en",
        "originalTitle": "test",
        "overview": "test",
        "popularity": 1,
        "posterPath": "/test.jpg",
        "releaseDate": "1",
        "title": "test",
        "video": false,
        "voteAverage": 1,
        "voteCount": 1,
      },
      Object {
        "adult": false,
        "backdropPath": "/test.jpg",
        "genreIds": Array [
          1,
          2,
        ],
        "id": 1,
        "originalLanguage": "en",
        "originalTitle": "test",
        "overview": "test",
        "popularity": 1,
        "posterPath": "/test.jpg",
        "releaseDate": "1",
        "title": "test",
        "video": false,
        "voteAverage": 1,
        "voteCount": 1,
      },
    ]
  }
  status="loading"
/>
`;

exports[`render SearchResultsPage component render after movie genre chosen correctly 1`] = `
<SearchResultsPage
  genres={
    Array [
      Object {
        "id": 1,
        "name": "Action",
      },
    ]
  }
  handleGridToggle={[Function]}
  handleModalToggle={[MockFunction]}
  isGrid={true}
  isModalOpened={false}
  movies={
    Array [
      Object {
        "adult": false,
        "backdropPath": "/test.jpg",
        "genreIds": Array [
          1,
          2,
        ],
        "id": 1,
        "originalLanguage": "en",
        "originalTitle": "test",
        "overview": "test",
        "popularity": 1,
        "posterPath": "/test.jpg",
        "releaseDate": "1",
        "title": "test",
        "video": false,
        "voteAverage": 1,
        "voteCount": 1,
      },
      Object {
        "adult": false,
        "backdropPath": "/test.jpg",
        "genreIds": Array [
          1,
          2,
        ],
        "id": 1,
        "originalLanguage": "en",
        "originalTitle": "test",
        "overview": "test",
        "popularity": 1,
        "posterPath": "/test.jpg",
        "releaseDate": "1",
        "title": "test",
        "video": false,
        "voteAverage": 1,
        "voteCount": 1,
      },
      Object {
        "adult": false,
        "backdropPath": "/test.jpg",
        "genreIds": Array [
          1,
          2,
        ],
        "id": 1,
        "originalLanguage": "en",
        "originalTitle": "test",
        "overview": "test",
        "popularity": 1,
        "posterPath": "/test.jpg",
        "releaseDate": "1",
        "title": "test",
        "video": false,
        "voteAverage": 1,
        "voteCount": 1,
      },
      Object {
        "adult": false,
        "backdropPath": "/test.jpg",
        "genreIds": Array [
          1,
          2,
        ],
        "id": 1,
        "originalLanguage": "en",
        "originalTitle": "test",
        "overview": "test",
        "popularity": 1,
        "posterPath": "/test.jpg",
        "releaseDate": "1",
        "title": "test",
        "video": false,
        "voteAverage": 1,
        "voteCount": 1,
      },
      Object {
        "adult": false,
        "backdropPath": "/test.jpg",
        "genreIds": Array [
          1,
          2,
        ],
        "id": 1,
        "originalLanguage": "en",
        "originalTitle": "test",
        "overview": "test",
        "popularity": 1,
        "posterPath": "/test.jpg",
        "releaseDate": "1",
        "title": "test",
        "video": false,
        "voteAverage": 1,
        "voteCount": 1,
      },
      Object {
        "adult": false,
        "backdropPath": "/test.jpg",
        "genreIds": Array [
          1,
          2,
        ],
        "id": 1,
        "originalLanguage": "en",
        "originalTitle": "test",
        "overview": "test",
        "popularity": 1,
        "posterPath": "/test.jpg",
        "releaseDate": "1",
        "title": "test",
        "video": false,
        "voteAverage": 1,
        "voteCount": 1,
      },
      Object {
        "adult": false,
        "backdropPath": "/test.jpg",
        "genreIds": Array [
          1,
          2,
        ],
        "id": 1,
        "originalLanguage": "en",
        "originalTitle": "test",
        "overview": "test",
        "popularity": 1,
        "posterPath": "/test.jpg",
        "releaseDate": "1",
        "title": "test",
        "video": false,
        "voteAverage": 1,
        "voteCount": 1,
      },
      Object {
        "adult": false,
        "backdropPath": "/test.jpg",
        "genreIds": Array [
          1,
          2,
        ],
        "id": 1,
        "originalLanguage": "en",
        "originalTitle": "test",
        "overview": "test",
        "popularity": 1,
        "posterPath": "/test.jpg",
        "releaseDate": "1",
        "title": "test",
        "video": false,
        "voteAverage": 1,
        "voteCount": 1,
      },
      Object {
        "adult": false,
        "backdropPath": "/test.jpg",
        "genreIds": Array [
          1,
          2,
        ],
        "id": 1,
        "originalLanguage": "en",
        "originalTitle": "test",
        "overview": "test",
        "popularity": 1,
        "posterPath": "/test.jpg",
        "releaseDate": "1",
        "title": "test",
        "video": false,
        "voteAverage": 1,
        "voteCount": 1,
      },
      Object {
        "adult": false,
        "backdropPath": "/test.jpg",
        "genreIds": Array [
          1,
          2,
        ],
        "id": 1,
        "originalLanguage": "en",
        "originalTitle": "test",
        "overview": "test",
        "popularity": 1,
        "posterPath": "/test.jpg",
        "releaseDate": "1",
        "title": "test",
        "video": false,
        "voteAverage": 1,
        "voteCount": 1,
      },
      Object {
        "adult": false,
        "backdropPath": "/test.jpg",
        "genreIds": Array [
          1,
          2,
        ],
        "id": 1,
        "originalLanguage": "en",
        "originalTitle": "test",
        "overview": "test",
        "popularity": 1,
        "posterPath": "/test.jpg",
        "releaseDate": "1",
        "title": "test",
        "video": false,
        "voteAverage": 1,
        "voteCount": 1,
      },
      Object {
        "adult": false,
        "backdropPath": "/test.jpg",
        "genreIds": Array [
          1,
          2,
        ],
        "id": 1,
        "originalLanguage": "en",
        "originalTitle": "test",
        "overview": "test",
        "popularity": 1,
        "posterPath": "/test.jpg",
        "releaseDate": "1",
        "title": "test",
        "video": false,
        "voteAverage": 1,
        "voteCount": 1,
      },
      Object {
        "adult": false,
        "backdropPath": "/test.jpg",
        "genreIds": Array [
          1,
          2,
        ],
        "id": 1,
        "originalLanguage": "en",
        "originalTitle": "test",
        "overview": "test",
        "popularity": 1,
        "posterPath": "/test.jpg",
        "releaseDate": "1",
        "title": "test",
        "video": false,
        "voteAverage": 1,
        "voteCount": 1,
      },
      Object {
        "adult": false,
        "backdropPath": "/test.jpg",
        "genreIds": Array [
          1,
          2,
        ],
        "id": 1,
        "originalLanguage": "en",
        "originalTitle": "test",
        "overview": "test",
        "popularity": 1,
        "posterPath": "/test.jpg",
        "releaseDate": "1",
        "title": "test",
        "video": false,
        "voteAverage": 1,
        "voteCount": 1,
      },
      Object {
        "adult": false,
        "backdropPath": "/test.jpg",
        "genreIds": Array [
          1,
          2,
        ],
        "id": 1,
        "originalLanguage": "en",
        "originalTitle": "test",
        "overview": "test",
        "popularity": 1,
        "posterPath": "/test.jpg",
        "releaseDate": "1",
        "title": "test",
        "video": false,
        "voteAverage": 1,
        "voteCount": 1,
      },
      Object {
        "adult": false,
        "backdropPath": "/test.jpg",
        "genreIds": Array [
          1,
          2,
        ],
        "id": 1,
        "originalLanguage": "en",
        "originalTitle": "test",
        "overview": "test",
        "popularity": 1,
        "posterPath": "/test.jpg",
        "releaseDate": "1",
        "title": "test",
        "video": false,
        "voteAverage": 1,
        "voteCount": 1,
      },
    ]
  }
  status="loading"
/>
`;

exports[`render SearchResultsPage component render after search query submit correctly 1`] = `
<SearchResultsPage
  genres={
    Array [
      Object {
        "id": 1,
        "name": "Action",
      },
    ]
  }
  handleGridToggle={[Function]}
  handleModalToggle={[MockFunction]}
  isGrid={true}
  isModalOpened={false}
  movies={
    Array [
      Object {
        "adult": false,
        "backdropPath": "/test.jpg",
        "genreIds": Array [
          1,
          2,
        ],
        "id": 1,
        "originalLanguage": "en",
        "originalTitle": "test",
        "overview": "test",
        "popularity": 1,
        "posterPath": "/test.jpg",
        "releaseDate": "1",
        "title": "test",
        "video": false,
        "voteAverage": 1,
        "voteCount": 1,
      },
      Object {
        "adult": false,
        "backdropPath": "/test.jpg",
        "genreIds": Array [
          1,
          2,
        ],
        "id": 1,
        "originalLanguage": "en",
        "originalTitle": "test",
        "overview": "test",
        "popularity": 1,
        "posterPath": "/test.jpg",
        "releaseDate": "1",
        "title": "test",
        "video": false,
        "voteAverage": 1,
        "voteCount": 1,
      },
      Object {
        "adult": false,
        "backdropPath": "/test.jpg",
        "genreIds": Array [
          1,
          2,
        ],
        "id": 1,
        "originalLanguage": "en",
        "originalTitle": "test",
        "overview": "test",
        "popularity": 1,
        "posterPath": "/test.jpg",
        "releaseDate": "1",
        "title": "test",
        "video": false,
        "voteAverage": 1,
        "voteCount": 1,
      },
      Object {
        "adult": false,
        "backdropPath": "/test.jpg",
        "genreIds": Array [
          1,
          2,
        ],
        "id": 1,
        "originalLanguage": "en",
        "originalTitle": "test",
        "overview": "test",
        "popularity": 1,
        "posterPath": "/test.jpg",
        "releaseDate": "1",
        "title": "test",
        "video": false,
        "voteAverage": 1,
        "voteCount": 1,
      },
      Object {
        "adult": false,
        "backdropPath": "/test.jpg",
        "genreIds": Array [
          1,
          2,
        ],
        "id": 1,
        "originalLanguage": "en",
        "originalTitle": "test",
        "overview": "test",
        "popularity": 1,
        "posterPath": "/test.jpg",
        "releaseDate": "1",
        "title": "test",
        "video": false,
        "voteAverage": 1,
        "voteCount": 1,
      },
      Object {
        "adult": false,
        "backdropPath": "/test.jpg",
        "genreIds": Array [
          1,
          2,
        ],
        "id": 1,
        "originalLanguage": "en",
        "originalTitle": "test",
        "overview": "test",
        "popularity": 1,
        "posterPath": "/test.jpg",
        "releaseDate": "1",
        "title": "test",
        "video": false,
        "voteAverage": 1,
        "voteCount": 1,
      },
      Object {
        "adult": false,
        "backdropPath": "/test.jpg",
        "genreIds": Array [
          1,
          2,
        ],
        "id": 1,
        "originalLanguage": "en",
        "originalTitle": "test",
        "overview": "test",
        "popularity": 1,
        "posterPath": "/test.jpg",
        "releaseDate": "1",
        "title": "test",
        "video": false,
        "voteAverage": 1,
        "voteCount": 1,
      },
      Object {
        "adult": false,
        "backdropPath": "/test.jpg",
        "genreIds": Array [
          1,
          2,
        ],
        "id": 1,
        "originalLanguage": "en",
        "originalTitle": "test",
        "overview": "test",
        "popularity": 1,
        "posterPath": "/test.jpg",
        "releaseDate": "1",
        "title": "test",
        "video": false,
        "voteAverage": 1,
        "voteCount": 1,
      },
      Object {
        "adult": false,
        "backdropPath": "/test.jpg",
        "genreIds": Array [
          1,
          2,
        ],
        "id": 1,
        "originalLanguage": "en",
        "originalTitle": "test",
        "overview": "test",
        "popularity": 1,
        "posterPath": "/test.jpg",
        "releaseDate": "1",
        "title": "test",
        "video": false,
        "voteAverage": 1,
        "voteCount": 1,
      },
      Object {
        "adult": false,
        "backdropPath": "/test.jpg",
        "genreIds": Array [
          1,
          2,
        ],
        "id": 1,
        "originalLanguage": "en",
        "originalTitle": "test",
        "overview": "test",
        "popularity": 1,
        "posterPath": "/test.jpg",
        "releaseDate": "1",
        "title": "test",
        "video": false,
        "voteAverage": 1,
        "voteCount": 1,
      },
      Object {
        "adult": false,
        "backdropPath": "/test.jpg",
        "genreIds": Array [
          1,
          2,
        ],
        "id": 1,
        "originalLanguage": "en",
        "originalTitle": "test",
        "overview": "test",
        "popularity": 1,
        "posterPath": "/test.jpg",
        "releaseDate": "1",
        "title": "test",
        "video": false,
        "voteAverage": 1,
        "voteCount": 1,
      },
      Object {
        "adult": false,
        "backdropPath": "/test.jpg",
        "genreIds": Array [
          1,
          2,
        ],
        "id": 1,
        "originalLanguage": "en",
        "originalTitle": "test",
        "overview": "test",
        "popularity": 1,
        "posterPath": "/test.jpg",
        "releaseDate": "1",
        "title": "test",
        "video": false,
        "voteAverage": 1,
        "voteCount": 1,
      },
      Object {
        "adult": false,
        "backdropPath": "/test.jpg",
        "genreIds": Array [
          1,
          2,
        ],
        "id": 1,
        "originalLanguage": "en",
        "originalTitle": "test",
        "overview": "test",
        "popularity": 1,
        "posterPath": "/test.jpg",
        "releaseDate": "1",
        "title": "test",
        "video": false,
        "voteAverage": 1,
        "voteCount": 1,
      },
      Object {
        "adult": false,
        "backdropPath": "/test.jpg",
        "genreIds": Array [
          1,
          2,
        ],
        "id": 1,
        "originalLanguage": "en",
        "originalTitle": "test",
        "overview": "test",
        "popularity": 1,
        "posterPath": "/test.jpg",
        "releaseDate": "1",
        "title": "test",
        "video": false,
        "voteAverage": 1,
        "voteCount": 1,
      },
      Object {
        "adult": false,
        "backdropPath": "/test.jpg",
        "genreIds": Array [
          1,
          2,
        ],
        "id": 1,
        "originalLanguage": "en",
        "originalTitle": "test",
        "overview": "test",
        "popularity": 1,
        "posterPath": "/test.jpg",
        "releaseDate": "1",
        "title": "test",
        "video": false,
        "voteAverage": 1,
        "voteCount": 1,
      },
      Object {
        "adult": false,
        "backdropPath": "/test.jpg",
        "genreIds": Array [
          1,
          2,
        ],
        "id": 1,
        "originalLanguage": "en",
        "originalTitle": "test",
        "overview": "test",
        "popularity": 1,
        "posterPath": "/test.jpg",
        "releaseDate": "1",
        "title": "test",
        "video": false,
        "voteAverage": 1,
        "voteCount": 1,
      },
    ]
  }
  status="loading"
/>
`;

exports[`render SearchResultsPage component render grid toggle correctly 1`] = `
<SearchResultsPage
  genres={
    Array [
      Object {
        "id": 1,
        "name": "Action",
      },
    ]
  }
  handleGridToggle={[Function]}
  handleModalToggle={[MockFunction]}
  isGrid={true}
  isModalOpened={false}
  movies={
    Array [
      Object {
        "adult": false,
        "backdropPath": "/test.jpg",
        "genreIds": Array [
          1,
          2,
        ],
        "id": 1,
        "originalLanguage": "en",
        "originalTitle": "test",
        "overview": "test",
        "popularity": 1,
        "posterPath": "/test.jpg",
        "releaseDate": "1",
        "title": "test",
        "video": false,
        "voteAverage": 1,
        "voteCount": 1,
      },
      Object {
        "adult": false,
        "backdropPath": "/test.jpg",
        "genreIds": Array [
          1,
          2,
        ],
        "id": 1,
        "originalLanguage": "en",
        "originalTitle": "test",
        "overview": "test",
        "popularity": 1,
        "posterPath": "/test.jpg",
        "releaseDate": "1",
        "title": "test",
        "video": false,
        "voteAverage": 1,
        "voteCount": 1,
      },
      Object {
        "adult": false,
        "backdropPath": "/test.jpg",
        "genreIds": Array [
          1,
          2,
        ],
        "id": 1,
        "originalLanguage": "en",
        "originalTitle": "test",
        "overview": "test",
        "popularity": 1,
        "posterPath": "/test.jpg",
        "releaseDate": "1",
        "title": "test",
        "video": false,
        "voteAverage": 1,
        "voteCount": 1,
      },
      Object {
        "adult": false,
        "backdropPath": "/test.jpg",
        "genreIds": Array [
          1,
          2,
        ],
        "id": 1,
        "originalLanguage": "en",
        "originalTitle": "test",
        "overview": "test",
        "popularity": 1,
        "posterPath": "/test.jpg",
        "releaseDate": "1",
        "title": "test",
        "video": false,
        "voteAverage": 1,
        "voteCount": 1,
      },
      Object {
        "adult": false,
        "backdropPath": "/test.jpg",
        "genreIds": Array [
          1,
          2,
        ],
        "id": 1,
        "originalLanguage": "en",
        "originalTitle": "test",
        "overview": "test",
        "popularity": 1,
        "posterPath": "/test.jpg",
        "releaseDate": "1",
        "title": "test",
        "video": false,
        "voteAverage": 1,
        "voteCount": 1,
      },
      Object {
        "adult": false,
        "backdropPath": "/test.jpg",
        "genreIds": Array [
          1,
          2,
        ],
        "id": 1,
        "originalLanguage": "en",
        "originalTitle": "test",
        "overview": "test",
        "popularity": 1,
        "posterPath": "/test.jpg",
        "releaseDate": "1",
        "title": "test",
        "video": false,
        "voteAverage": 1,
        "voteCount": 1,
      },
      Object {
        "adult": false,
        "backdropPath": "/test.jpg",
        "genreIds": Array [
          1,
          2,
        ],
        "id": 1,
        "originalLanguage": "en",
        "originalTitle": "test",
        "overview": "test",
        "popularity": 1,
        "posterPath": "/test.jpg",
        "releaseDate": "1",
        "title": "test",
        "video": false,
        "voteAverage": 1,
        "voteCount": 1,
      },
      Object {
        "adult": false,
        "backdropPath": "/test.jpg",
        "genreIds": Array [
          1,
          2,
        ],
        "id": 1,
        "originalLanguage": "en",
        "originalTitle": "test",
        "overview": "test",
        "popularity": 1,
        "posterPath": "/test.jpg",
        "releaseDate": "1",
        "title": "test",
        "video": false,
        "voteAverage": 1,
        "voteCount": 1,
      },
      Object {
        "adult": false,
        "backdropPath": "/test.jpg",
        "genreIds": Array [
          1,
          2,
        ],
        "id": 1,
        "originalLanguage": "en",
        "originalTitle": "test",
        "overview": "test",
        "popularity": 1,
        "posterPath": "/test.jpg",
        "releaseDate": "1",
        "title": "test",
        "video": false,
        "voteAverage": 1,
        "voteCount": 1,
      },
      Object {
        "adult": false,
        "backdropPath": "/test.jpg",
        "genreIds": Array [
          1,
          2,
        ],
        "id": 1,
        "originalLanguage": "en",
        "originalTitle": "test",
        "overview": "test",
        "popularity": 1,
        "posterPath": "/test.jpg",
        "releaseDate": "1",
        "title": "test",
        "video": false,
        "voteAverage": 1,
        "voteCount": 1,
      },
      Object {
        "adult": false,
        "backdropPath": "/test.jpg",
        "genreIds": Array [
          1,
          2,
        ],
        "id": 1,
        "originalLanguage": "en",
        "originalTitle": "test",
        "overview": "test",
        "popularity": 1,
        "posterPath": "/test.jpg",
        "releaseDate": "1",
        "title": "test",
        "video": false,
        "voteAverage": 1,
        "voteCount": 1,
      },
      Object {
        "adult": false,
        "backdropPath": "/test.jpg",
        "genreIds": Array [
          1,
          2,
        ],
        "id": 1,
        "originalLanguage": "en",
        "originalTitle": "test",
        "overview": "test",
        "popularity": 1,
        "posterPath": "/test.jpg",
        "releaseDate": "1",
        "title": "test",
        "video": false,
        "voteAverage": 1,
        "voteCount": 1,
      },
      Object {
        "adult": false,
        "backdropPath": "/test.jpg",
        "genreIds": Array [
          1,
          2,
        ],
        "id": 1,
        "originalLanguage": "en",
        "originalTitle": "test",
        "overview": "test",
        "popularity": 1,
        "posterPath": "/test.jpg",
        "releaseDate": "1",
        "title": "test",
        "video": false,
        "voteAverage": 1,
        "voteCount": 1,
      },
      Object {
        "adult": false,
        "backdropPath": "/test.jpg",
        "genreIds": Array [
          1,
          2,
        ],
        "id": 1,
        "originalLanguage": "en",
        "originalTitle": "test",
        "overview": "test",
        "popularity": 1,
        "posterPath": "/test.jpg",
        "releaseDate": "1",
        "title": "test",
        "video": false,
        "voteAverage": 1,
        "voteCount": 1,
      },
      Object {
        "adult": false,
        "backdropPath": "/test.jpg",
        "genreIds": Array [
          1,
          2,
        ],
        "id": 1,
        "originalLanguage": "en",
        "originalTitle": "test",
        "overview": "test",
        "popularity": 1,
        "posterPath": "/test.jpg",
        "releaseDate": "1",
        "title": "test",
        "video": false,
        "voteAverage": 1,
        "voteCount": 1,
      },
      Object {
        "adult": false,
        "backdropPath": "/test.jpg",
        "genreIds": Array [
          1,
          2,
        ],
        "id": 1,
        "originalLanguage": "en",
        "originalTitle": "test",
        "overview": "test",
        "popularity": 1,
        "posterPath": "/test.jpg",
        "releaseDate": "1",
        "title": "test",
        "video": false,
        "voteAverage": 1,
        "voteCount": 1,
      },
    ]
  }
  status="loading"
/>
`;

exports[`render SearchResultsPage component render initial state correctly 1`] = `
<SearchResultsPage
  genres={
    Array [
      Object {
        "id": 1,
        "name": "Action",
      },
    ]
  }
  handleGridToggle={[Function]}
  handleModalToggle={[MockFunction]}
  isGrid={true}
  isModalOpened={false}
  movies={
    Array [
      Object {
        "adult": false,
        "backdropPath": "/test.jpg",
        "genreIds": Array [
          1,
          2,
        ],
        "id": 1,
        "originalLanguage": "en",
        "originalTitle": "test",
        "overview": "test",
        "popularity": 1,
        "posterPath": "/test.jpg",
        "releaseDate": "1",
        "title": "test",
        "video": false,
        "voteAverage": 1,
        "voteCount": 1,
      },
      Object {
        "adult": false,
        "backdropPath": "/test.jpg",
        "genreIds": Array [
          1,
          2,
        ],
        "id": 1,
        "originalLanguage": "en",
        "originalTitle": "test",
        "overview": "test",
        "popularity": 1,
        "posterPath": "/test.jpg",
        "releaseDate": "1",
        "title": "test",
        "video": false,
        "voteAverage": 1,
        "voteCount": 1,
      },
      Object {
        "adult": false,
        "backdropPath": "/test.jpg",
        "genreIds": Array [
          1,
          2,
        ],
        "id": 1,
        "originalLanguage": "en",
        "originalTitle": "test",
        "overview": "test",
        "popularity": 1,
        "posterPath": "/test.jpg",
        "releaseDate": "1",
        "title": "test",
        "video": false,
        "voteAverage": 1,
        "voteCount": 1,
      },
      Object {
        "adult": false,
        "backdropPath": "/test.jpg",
        "genreIds": Array [
          1,
          2,
        ],
        "id": 1,
        "originalLanguage": "en",
        "originalTitle": "test",
        "overview": "test",
        "popularity": 1,
        "posterPath": "/test.jpg",
        "releaseDate": "1",
        "title": "test",
        "video": false,
        "voteAverage": 1,
        "voteCount": 1,
      },
      Object {
        "adult": false,
        "backdropPath": "/test.jpg",
        "genreIds": Array [
          1,
          2,
        ],
        "id": 1,
        "originalLanguage": "en",
        "originalTitle": "test",
        "overview": "test",
        "popularity": 1,
        "posterPath": "/test.jpg",
        "releaseDate": "1",
        "title": "test",
        "video": false,
        "voteAverage": 1,
        "voteCount": 1,
      },
      Object {
        "adult": false,
        "backdropPath": "/test.jpg",
        "genreIds": Array [
          1,
          2,
        ],
        "id": 1,
        "originalLanguage": "en",
        "originalTitle": "test",
        "overview": "test",
        "popularity": 1,
        "posterPath": "/test.jpg",
        "releaseDate": "1",
        "title": "test",
        "video": false,
        "voteAverage": 1,
        "voteCount": 1,
      },
      Object {
        "adult": false,
        "backdropPath": "/test.jpg",
        "genreIds": Array [
          1,
          2,
        ],
        "id": 1,
        "originalLanguage": "en",
        "originalTitle": "test",
        "overview": "test",
        "popularity": 1,
        "posterPath": "/test.jpg",
        "releaseDate": "1",
        "title": "test",
        "video": false,
        "voteAverage": 1,
        "voteCount": 1,
      },
      Object {
        "adult": false,
        "backdropPath": "/test.jpg",
        "genreIds": Array [
          1,
          2,
        ],
        "id": 1,
        "originalLanguage": "en",
        "originalTitle": "test",
        "overview": "test",
        "popularity": 1,
        "posterPath": "/test.jpg",
        "releaseDate": "1",
        "title": "test",
        "video": false,
        "voteAverage": 1,
        "voteCount": 1,
      },
      Object {
        "adult": false,
        "backdropPath": "/test.jpg",
        "genreIds": Array [
          1,
          2,
        ],
        "id": 1,
        "originalLanguage": "en",
        "originalTitle": "test",
        "overview": "test",
        "popularity": 1,
        "posterPath": "/test.jpg",
        "releaseDate": "1",
        "title": "test",
        "video": false,
        "voteAverage": 1,
        "voteCount": 1,
      },
      Object {
        "adult": false,
        "backdropPath": "/test.jpg",
        "genreIds": Array [
          1,
          2,
        ],
        "id": 1,
        "originalLanguage": "en",
        "originalTitle": "test",
        "overview": "test",
        "popularity": 1,
        "posterPath": "/test.jpg",
        "releaseDate": "1",
        "title": "test",
        "video": false,
        "voteAverage": 1,
        "voteCount": 1,
      },
      Object {
        "adult": false,
        "backdropPath": "/test.jpg",
        "genreIds": Array [
          1,
          2,
        ],
        "id": 1,
        "originalLanguage": "en",
        "originalTitle": "test",
        "overview": "test",
        "popularity": 1,
        "posterPath": "/test.jpg",
        "releaseDate": "1",
        "title": "test",
        "video": false,
        "voteAverage": 1,
        "voteCount": 1,
      },
      Object {
        "adult": false,
        "backdropPath": "/test.jpg",
        "genreIds": Array [
          1,
          2,
        ],
        "id": 1,
        "originalLanguage": "en",
        "originalTitle": "test",
        "overview": "test",
        "popularity": 1,
        "posterPath": "/test.jpg",
        "releaseDate": "1",
        "title": "test",
        "video": false,
        "voteAverage": 1,
        "voteCount": 1,
      },
      Object {
        "adult": false,
        "backdropPath": "/test.jpg",
        "genreIds": Array [
          1,
          2,
        ],
        "id": 1,
        "originalLanguage": "en",
        "originalTitle": "test",
        "overview": "test",
        "popularity": 1,
        "posterPath": "/test.jpg",
        "releaseDate": "1",
        "title": "test",
        "video": false,
        "voteAverage": 1,
        "voteCount": 1,
      },
      Object {
        "adult": false,
        "backdropPath": "/test.jpg",
        "genreIds": Array [
          1,
          2,
        ],
        "id": 1,
        "originalLanguage": "en",
        "originalTitle": "test",
        "overview": "test",
        "popularity": 1,
        "posterPath": "/test.jpg",
        "releaseDate": "1",
        "title": "test",
        "video": false,
        "voteAverage": 1,
        "voteCount": 1,
      },
      Object {
        "adult": false,
        "backdropPath": "/test.jpg",
        "genreIds": Array [
          1,
          2,
        ],
        "id": 1,
        "originalLanguage": "en",
        "originalTitle": "test",
        "overview": "test",
        "popularity": 1,
        "posterPath": "/test.jpg",
        "releaseDate": "1",
        "title": "test",
        "video": false,
        "voteAverage": 1,
        "voteCount": 1,
      },
      Object {
        "adult": false,
        "backdropPath": "/test.jpg",
        "genreIds": Array [
          1,
          2,
        ],
        "id": 1,
        "originalLanguage": "en",
        "originalTitle": "test",
        "overview": "test",
        "popularity": 1,
        "posterPath": "/test.jpg",
        "releaseDate": "1",
        "title": "test",
        "video": false,
        "voteAverage": 1,
        "voteCount": 1,
      },
    ]
  }
  status="loading"
/>
`;
