// Jest Snapshot v1, https://goo.gl/fbAQLP

exports[`render SearchResultsPage component handles scroll event triggers at bottom correctly 1`] = `
<SearchResultsPage
  filterMovies={[Function]}
  genres={
    Array [
      Object {
        "id": 1,
        "name": "Action",
      },
    ]
  }
  getTopRatedMovies={[Function]}
  getTrending={[Function]}
  getUpcoming={[Function]}
  handleGridToggle={[Function]}
  isGrid={true}
  movieTrailerKey="testMovieTrailerKey"
  movies={
    Array [
      Object {
        "adult": false,
        "backdropPath": "/test.jpg",
        "genreIds": Array [
          1,
          2,
        ],
        "id": 1,
        "originalLanguage": "en",
        "originalTitle": "test",
        "overview": "test",
        "popularity": 1,
        "posterPath": "/test.jpg",
        "releaseDate": "1",
        "title": "test",
        "video": false,
        "voteAverage": 1,
        "voteCount": 1,
      },
      Object {
        "adult": false,
        "backdropPath": "/test.jpg",
        "genreIds": Array [
          1,
          2,
        ],
        "id": 1,
        "originalLanguage": "en",
        "originalTitle": "test",
        "overview": "test",
        "popularity": 1,
        "posterPath": "/test.jpg",
        "releaseDate": "1",
        "title": "test",
        "video": false,
        "voteAverage": 1,
        "voteCount": 1,
      },
      Object {
        "adult": false,
        "backdropPath": "/test.jpg",
        "genreIds": Array [
          1,
          2,
        ],
        "id": 1,
        "originalLanguage": "en",
        "originalTitle": "test",
        "overview": "test",
        "popularity": 1,
        "posterPath": "/test.jpg",
        "releaseDate": "1",
        "title": "test",
        "video": false,
        "voteAverage": 1,
        "voteCount": 1,
      },
      Object {
        "adult": false,
        "backdropPath": "/test.jpg",
        "genreIds": Array [
          1,
          2,
        ],
        "id": 1,
        "originalLanguage": "en",
        "originalTitle": "test",
        "overview": "test",
        "popularity": 1,
        "posterPath": "/test.jpg",
        "releaseDate": "1",
        "title": "test",
        "video": false,
        "voteAverage": 1,
        "voteCount": 1,
      },
      Object {
        "adult": false,
        "backdropPath": "/test.jpg",
        "genreIds": Array [
          1,
          2,
        ],
        "id": 1,
        "originalLanguage": "en",
        "originalTitle": "test",
        "overview": "test",
        "popularity": 1,
        "posterPath": "/test.jpg",
        "releaseDate": "1",
        "title": "test",
        "video": false,
        "voteAverage": 1,
        "voteCount": 1,
      },
      Object {
        "adult": false,
        "backdropPath": "/test.jpg",
        "genreIds": Array [
          1,
          2,
        ],
        "id": 1,
        "originalLanguage": "en",
        "originalTitle": "test",
        "overview": "test",
        "popularity": 1,
        "posterPath": "/test.jpg",
        "releaseDate": "1",
        "title": "test",
        "video": false,
        "voteAverage": 1,
        "voteCount": 1,
      },
      Object {
        "adult": false,
        "backdropPath": "/test.jpg",
        "genreIds": Array [
          1,
          2,
        ],
        "id": 1,
        "originalLanguage": "en",
        "originalTitle": "test",
        "overview": "test",
        "popularity": 1,
        "posterPath": "/test.jpg",
        "releaseDate": "1",
        "title": "test",
        "video": false,
        "voteAverage": 1,
        "voteCount": 1,
      },
      Object {
        "adult": false,
        "backdropPath": "/test.jpg",
        "genreIds": Array [
          1,
          2,
        ],
        "id": 1,
        "originalLanguage": "en",
        "originalTitle": "test",
        "overview": "test",
        "popularity": 1,
        "posterPath": "/test.jpg",
        "releaseDate": "1",
        "title": "test",
        "video": false,
        "voteAverage": 1,
        "voteCount": 1,
      },
      Object {
        "adult": false,
        "backdropPath": "/test.jpg",
        "genreIds": Array [
          1,
          2,
        ],
        "id": 1,
        "originalLanguage": "en",
        "originalTitle": "test",
        "overview": "test",
        "popularity": 1,
        "posterPath": "/test.jpg",
        "releaseDate": "1",
        "title": "test",
        "video": false,
        "voteAverage": 1,
        "voteCount": 1,
      },
      Object {
        "adult": false,
        "backdropPath": "/test.jpg",
        "genreIds": Array [
          1,
          2,
        ],
        "id": 1,
        "originalLanguage": "en",
        "originalTitle": "test",
        "overview": "test",
        "popularity": 1,
        "posterPath": "/test.jpg",
        "releaseDate": "1",
        "title": "test",
        "video": false,
        "voteAverage": 1,
        "voteCount": 1,
      },
      Object {
        "adult": false,
        "backdropPath": "/test.jpg",
        "genreIds": Array [
          1,
          2,
        ],
        "id": 1,
        "originalLanguage": "en",
        "originalTitle": "test",
        "overview": "test",
        "popularity": 1,
        "posterPath": "/test.jpg",
        "releaseDate": "1",
        "title": "test",
        "video": false,
        "voteAverage": 1,
        "voteCount": 1,
      },
      Object {
        "adult": false,
        "backdropPath": "/test.jpg",
        "genreIds": Array [
          1,
          2,
        ],
        "id": 1,
        "originalLanguage": "en",
        "originalTitle": "test",
        "overview": "test",
        "popularity": 1,
        "posterPath": "/test.jpg",
        "releaseDate": "1",
        "title": "test",
        "video": false,
        "voteAverage": 1,
        "voteCount": 1,
      },
      Object {
        "adult": false,
        "backdropPath": "/test.jpg",
        "genreIds": Array [
          1,
          2,
        ],
        "id": 1,
        "originalLanguage": "en",
        "originalTitle": "test",
        "overview": "test",
        "popularity": 1,
        "posterPath": "/test.jpg",
        "releaseDate": "1",
        "title": "test",
        "video": false,
        "voteAverage": 1,
        "voteCount": 1,
      },
      Object {
        "adult": false,
        "backdropPath": "/test.jpg",
        "genreIds": Array [
          1,
          2,
        ],
        "id": 1,
        "originalLanguage": "en",
        "originalTitle": "test",
        "overview": "test",
        "popularity": 1,
        "posterPath": "/test.jpg",
        "releaseDate": "1",
        "title": "test",
        "video": false,
        "voteAverage": 1,
        "voteCount": 1,
      },
      Object {
        "adult": false,
        "backdropPath": "/test.jpg",
        "genreIds": Array [
          1,
          2,
        ],
        "id": 1,
        "originalLanguage": "en",
        "originalTitle": "test",
        "overview": "test",
        "popularity": 1,
        "posterPath": "/test.jpg",
        "releaseDate": "1",
        "title": "test",
        "video": false,
        "voteAverage": 1,
        "voteCount": 1,
      },
    ]
  }
  status="loading"
  updateMovieTrailerKey={[Function]}
/>
`;

exports[`render SearchResultsPage component handles scroll event triggers not at bottom correctly 1`] = `
<SearchResultsPage
  filterMovies={[Function]}
  genres={
    Array [
      Object {
        "id": 1,
        "name": "Action",
      },
    ]
  }
  getTopRatedMovies={[Function]}
  getTrending={[Function]}
  getUpcoming={[Function]}
  handleGridToggle={[Function]}
  isGrid={true}
  movieTrailerKey="testMovieTrailerKey"
  movies={
    Array [
      Object {
        "adult": false,
        "backdropPath": "/test.jpg",
        "genreIds": Array [
          1,
          2,
        ],
        "id": 1,
        "originalLanguage": "en",
        "originalTitle": "test",
        "overview": "test",
        "popularity": 1,
        "posterPath": "/test.jpg",
        "releaseDate": "1",
        "title": "test",
        "video": false,
        "voteAverage": 1,
        "voteCount": 1,
      },
      Object {
        "adult": false,
        "backdropPath": "/test.jpg",
        "genreIds": Array [
          1,
          2,
        ],
        "id": 1,
        "originalLanguage": "en",
        "originalTitle": "test",
        "overview": "test",
        "popularity": 1,
        "posterPath": "/test.jpg",
        "releaseDate": "1",
        "title": "test",
        "video": false,
        "voteAverage": 1,
        "voteCount": 1,
      },
      Object {
        "adult": false,
        "backdropPath": "/test.jpg",
        "genreIds": Array [
          1,
          2,
        ],
        "id": 1,
        "originalLanguage": "en",
        "originalTitle": "test",
        "overview": "test",
        "popularity": 1,
        "posterPath": "/test.jpg",
        "releaseDate": "1",
        "title": "test",
        "video": false,
        "voteAverage": 1,
        "voteCount": 1,
      },
      Object {
        "adult": false,
        "backdropPath": "/test.jpg",
        "genreIds": Array [
          1,
          2,
        ],
        "id": 1,
        "originalLanguage": "en",
        "originalTitle": "test",
        "overview": "test",
        "popularity": 1,
        "posterPath": "/test.jpg",
        "releaseDate": "1",
        "title": "test",
        "video": false,
        "voteAverage": 1,
        "voteCount": 1,
      },
      Object {
        "adult": false,
        "backdropPath": "/test.jpg",
        "genreIds": Array [
          1,
          2,
        ],
        "id": 1,
        "originalLanguage": "en",
        "originalTitle": "test",
        "overview": "test",
        "popularity": 1,
        "posterPath": "/test.jpg",
        "releaseDate": "1",
        "title": "test",
        "video": false,
        "voteAverage": 1,
        "voteCount": 1,
      },
      Object {
        "adult": false,
        "backdropPath": "/test.jpg",
        "genreIds": Array [
          1,
          2,
        ],
        "id": 1,
        "originalLanguage": "en",
        "originalTitle": "test",
        "overview": "test",
        "popularity": 1,
        "posterPath": "/test.jpg",
        "releaseDate": "1",
        "title": "test",
        "video": false,
        "voteAverage": 1,
        "voteCount": 1,
      },
      Object {
        "adult": false,
        "backdropPath": "/test.jpg",
        "genreIds": Array [
          1,
          2,
        ],
        "id": 1,
        "originalLanguage": "en",
        "originalTitle": "test",
        "overview": "test",
        "popularity": 1,
        "posterPath": "/test.jpg",
        "releaseDate": "1",
        "title": "test",
        "video": false,
        "voteAverage": 1,
        "voteCount": 1,
      },
      Object {
        "adult": false,
        "backdropPath": "/test.jpg",
        "genreIds": Array [
          1,
          2,
        ],
        "id": 1,
        "originalLanguage": "en",
        "originalTitle": "test",
        "overview": "test",
        "popularity": 1,
        "posterPath": "/test.jpg",
        "releaseDate": "1",
        "title": "test",
        "video": false,
        "voteAverage": 1,
        "voteCount": 1,
      },
      Object {
        "adult": false,
        "backdropPath": "/test.jpg",
        "genreIds": Array [
          1,
          2,
        ],
        "id": 1,
        "originalLanguage": "en",
        "originalTitle": "test",
        "overview": "test",
        "popularity": 1,
        "posterPath": "/test.jpg",
        "releaseDate": "1",
        "title": "test",
        "video": false,
        "voteAverage": 1,
        "voteCount": 1,
      },
      Object {
        "adult": false,
        "backdropPath": "/test.jpg",
        "genreIds": Array [
          1,
          2,
        ],
        "id": 1,
        "originalLanguage": "en",
        "originalTitle": "test",
        "overview": "test",
        "popularity": 1,
        "posterPath": "/test.jpg",
        "releaseDate": "1",
        "title": "test",
        "video": false,
        "voteAverage": 1,
        "voteCount": 1,
      },
      Object {
        "adult": false,
        "backdropPath": "/test.jpg",
        "genreIds": Array [
          1,
          2,
        ],
        "id": 1,
        "originalLanguage": "en",
        "originalTitle": "test",
        "overview": "test",
        "popularity": 1,
        "posterPath": "/test.jpg",
        "releaseDate": "1",
        "title": "test",
        "video": false,
        "voteAverage": 1,
        "voteCount": 1,
      },
      Object {
        "adult": false,
        "backdropPath": "/test.jpg",
        "genreIds": Array [
          1,
          2,
        ],
        "id": 1,
        "originalLanguage": "en",
        "originalTitle": "test",
        "overview": "test",
        "popularity": 1,
        "posterPath": "/test.jpg",
        "releaseDate": "1",
        "title": "test",
        "video": false,
        "voteAverage": 1,
        "voteCount": 1,
      },
      Object {
        "adult": false,
        "backdropPath": "/test.jpg",
        "genreIds": Array [
          1,
          2,
        ],
        "id": 1,
        "originalLanguage": "en",
        "originalTitle": "test",
        "overview": "test",
        "popularity": 1,
        "posterPath": "/test.jpg",
        "releaseDate": "1",
        "title": "test",
        "video": false,
        "voteAverage": 1,
        "voteCount": 1,
      },
      Object {
        "adult": false,
        "backdropPath": "/test.jpg",
        "genreIds": Array [
          1,
          2,
        ],
        "id": 1,
        "originalLanguage": "en",
        "originalTitle": "test",
        "overview": "test",
        "popularity": 1,
        "posterPath": "/test.jpg",
        "releaseDate": "1",
        "title": "test",
        "video": false,
        "voteAverage": 1,
        "voteCount": 1,
      },
      Object {
        "adult": false,
        "backdropPath": "/test.jpg",
        "genreIds": Array [
          1,
          2,
        ],
        "id": 1,
        "originalLanguage": "en",
        "originalTitle": "test",
        "overview": "test",
        "popularity": 1,
        "posterPath": "/test.jpg",
        "releaseDate": "1",
        "title": "test",
        "video": false,
        "voteAverage": 1,
        "voteCount": 1,
      },
    ]
  }
  status="loading"
  updateMovieTrailerKey={[Function]}
/>
`;

exports[`render SearchResultsPage component render after dearch query submit correctly 1`] = `
<SearchResultsPage
  filterMovies={[Function]}
  genres={
    Array [
      Object {
        "id": 1,
        "name": "Action",
      },
    ]
  }
  getTopRatedMovies={[Function]}
  getTrending={[Function]}
  getUpcoming={[Function]}
  handleGridToggle={[Function]}
  isGrid={true}
  movieTrailerKey="testMovieTrailerKey"
  movies={
    Array [
      Object {
        "adult": false,
        "backdropPath": "/test.jpg",
        "genreIds": Array [
          1,
          2,
        ],
        "id": 1,
        "originalLanguage": "en",
        "originalTitle": "test",
        "overview": "test",
        "popularity": 1,
        "posterPath": "/test.jpg",
        "releaseDate": "1",
        "title": "test",
        "video": false,
        "voteAverage": 1,
        "voteCount": 1,
      },
      Object {
        "adult": false,
        "backdropPath": "/test.jpg",
        "genreIds": Array [
          1,
          2,
        ],
        "id": 1,
        "originalLanguage": "en",
        "originalTitle": "test",
        "overview": "test",
        "popularity": 1,
        "posterPath": "/test.jpg",
        "releaseDate": "1",
        "title": "test",
        "video": false,
        "voteAverage": 1,
        "voteCount": 1,
      },
      Object {
        "adult": false,
        "backdropPath": "/test.jpg",
        "genreIds": Array [
          1,
          2,
        ],
        "id": 1,
        "originalLanguage": "en",
        "originalTitle": "test",
        "overview": "test",
        "popularity": 1,
        "posterPath": "/test.jpg",
        "releaseDate": "1",
        "title": "test",
        "video": false,
        "voteAverage": 1,
        "voteCount": 1,
      },
      Object {
        "adult": false,
        "backdropPath": "/test.jpg",
        "genreIds": Array [
          1,
          2,
        ],
        "id": 1,
        "originalLanguage": "en",
        "originalTitle": "test",
        "overview": "test",
        "popularity": 1,
        "posterPath": "/test.jpg",
        "releaseDate": "1",
        "title": "test",
        "video": false,
        "voteAverage": 1,
        "voteCount": 1,
      },
      Object {
        "adult": false,
        "backdropPath": "/test.jpg",
        "genreIds": Array [
          1,
          2,
        ],
        "id": 1,
        "originalLanguage": "en",
        "originalTitle": "test",
        "overview": "test",
        "popularity": 1,
        "posterPath": "/test.jpg",
        "releaseDate": "1",
        "title": "test",
        "video": false,
        "voteAverage": 1,
        "voteCount": 1,
      },
      Object {
        "adult": false,
        "backdropPath": "/test.jpg",
        "genreIds": Array [
          1,
          2,
        ],
        "id": 1,
        "originalLanguage": "en",
        "originalTitle": "test",
        "overview": "test",
        "popularity": 1,
        "posterPath": "/test.jpg",
        "releaseDate": "1",
        "title": "test",
        "video": false,
        "voteAverage": 1,
        "voteCount": 1,
      },
      Object {
        "adult": false,
        "backdropPath": "/test.jpg",
        "genreIds": Array [
          1,
          2,
        ],
        "id": 1,
        "originalLanguage": "en",
        "originalTitle": "test",
        "overview": "test",
        "popularity": 1,
        "posterPath": "/test.jpg",
        "releaseDate": "1",
        "title": "test",
        "video": false,
        "voteAverage": 1,
        "voteCount": 1,
      },
      Object {
        "adult": false,
        "backdropPath": "/test.jpg",
        "genreIds": Array [
          1,
          2,
        ],
        "id": 1,
        "originalLanguage": "en",
        "originalTitle": "test",
        "overview": "test",
        "popularity": 1,
        "posterPath": "/test.jpg",
        "releaseDate": "1",
        "title": "test",
        "video": false,
        "voteAverage": 1,
        "voteCount": 1,
      },
      Object {
        "adult": false,
        "backdropPath": "/test.jpg",
        "genreIds": Array [
          1,
          2,
        ],
        "id": 1,
        "originalLanguage": "en",
        "originalTitle": "test",
        "overview": "test",
        "popularity": 1,
        "posterPath": "/test.jpg",
        "releaseDate": "1",
        "title": "test",
        "video": false,
        "voteAverage": 1,
        "voteCount": 1,
      },
      Object {
        "adult": false,
        "backdropPath": "/test.jpg",
        "genreIds": Array [
          1,
          2,
        ],
        "id": 1,
        "originalLanguage": "en",
        "originalTitle": "test",
        "overview": "test",
        "popularity": 1,
        "posterPath": "/test.jpg",
        "releaseDate": "1",
        "title": "test",
        "video": false,
        "voteAverage": 1,
        "voteCount": 1,
      },
      Object {
        "adult": false,
        "backdropPath": "/test.jpg",
        "genreIds": Array [
          1,
          2,
        ],
        "id": 1,
        "originalLanguage": "en",
        "originalTitle": "test",
        "overview": "test",
        "popularity": 1,
        "posterPath": "/test.jpg",
        "releaseDate": "1",
        "title": "test",
        "video": false,
        "voteAverage": 1,
        "voteCount": 1,
      },
      Object {
        "adult": false,
        "backdropPath": "/test.jpg",
        "genreIds": Array [
          1,
          2,
        ],
        "id": 1,
        "originalLanguage": "en",
        "originalTitle": "test",
        "overview": "test",
        "popularity": 1,
        "posterPath": "/test.jpg",
        "releaseDate": "1",
        "title": "test",
        "video": false,
        "voteAverage": 1,
        "voteCount": 1,
      },
      Object {
        "adult": false,
        "backdropPath": "/test.jpg",
        "genreIds": Array [
          1,
          2,
        ],
        "id": 1,
        "originalLanguage": "en",
        "originalTitle": "test",
        "overview": "test",
        "popularity": 1,
        "posterPath": "/test.jpg",
        "releaseDate": "1",
        "title": "test",
        "video": false,
        "voteAverage": 1,
        "voteCount": 1,
      },
      Object {
        "adult": false,
        "backdropPath": "/test.jpg",
        "genreIds": Array [
          1,
          2,
        ],
        "id": 1,
        "originalLanguage": "en",
        "originalTitle": "test",
        "overview": "test",
        "popularity": 1,
        "posterPath": "/test.jpg",
        "releaseDate": "1",
        "title": "test",
        "video": false,
        "voteAverage": 1,
        "voteCount": 1,
      },
      Object {
        "adult": false,
        "backdropPath": "/test.jpg",
        "genreIds": Array [
          1,
          2,
        ],
        "id": 1,
        "originalLanguage": "en",
        "originalTitle": "test",
        "overview": "test",
        "popularity": 1,
        "posterPath": "/test.jpg",
        "releaseDate": "1",
        "title": "test",
        "video": false,
        "voteAverage": 1,
        "voteCount": 1,
      },
    ]
  }
  status="loading"
  updateMovieTrailerKey={[Function]}
/>
`;

exports[`render SearchResultsPage component render after filtering by genre correctly 1`] = `
<SearchResultsPage
  filterMovies={[Function]}
  genres={
    Array [
      Object {
        "id": 1,
        "name": "Action",
      },
    ]
  }
  getTopRatedMovies={[Function]}
  getTrending={[Function]}
  getUpcoming={[Function]}
  handleGridToggle={[Function]}
  isGrid={true}
  movieTrailerKey="testMovieTrailerKey"
  movies={
    Array [
      Object {
        "adult": false,
        "backdropPath": "/test.jpg",
        "genreIds": Array [
          1,
          2,
        ],
        "id": 1,
        "originalLanguage": "en",
        "originalTitle": "test",
        "overview": "test",
        "popularity": 1,
        "posterPath": "/test.jpg",
        "releaseDate": "1",
        "title": "test",
        "video": false,
        "voteAverage": 1,
        "voteCount": 1,
      },
      Object {
        "adult": false,
        "backdropPath": "/test.jpg",
        "genreIds": Array [
          1,
          2,
        ],
        "id": 1,
        "originalLanguage": "en",
        "originalTitle": "test",
        "overview": "test",
        "popularity": 1,
        "posterPath": "/test.jpg",
        "releaseDate": "1",
        "title": "test",
        "video": false,
        "voteAverage": 1,
        "voteCount": 1,
      },
      Object {
        "adult": false,
        "backdropPath": "/test.jpg",
        "genreIds": Array [
          1,
          2,
        ],
        "id": 1,
        "originalLanguage": "en",
        "originalTitle": "test",
        "overview": "test",
        "popularity": 1,
        "posterPath": "/test.jpg",
        "releaseDate": "1",
        "title": "test",
        "video": false,
        "voteAverage": 1,
        "voteCount": 1,
      },
      Object {
        "adult": false,
        "backdropPath": "/test.jpg",
        "genreIds": Array [
          1,
          2,
        ],
        "id": 1,
        "originalLanguage": "en",
        "originalTitle": "test",
        "overview": "test",
        "popularity": 1,
        "posterPath": "/test.jpg",
        "releaseDate": "1",
        "title": "test",
        "video": false,
        "voteAverage": 1,
        "voteCount": 1,
      },
      Object {
        "adult": false,
        "backdropPath": "/test.jpg",
        "genreIds": Array [
          1,
          2,
        ],
        "id": 1,
        "originalLanguage": "en",
        "originalTitle": "test",
        "overview": "test",
        "popularity": 1,
        "posterPath": "/test.jpg",
        "releaseDate": "1",
        "title": "test",
        "video": false,
        "voteAverage": 1,
        "voteCount": 1,
      },
      Object {
        "adult": false,
        "backdropPath": "/test.jpg",
        "genreIds": Array [
          1,
          2,
        ],
        "id": 1,
        "originalLanguage": "en",
        "originalTitle": "test",
        "overview": "test",
        "popularity": 1,
        "posterPath": "/test.jpg",
        "releaseDate": "1",
        "title": "test",
        "video": false,
        "voteAverage": 1,
        "voteCount": 1,
      },
      Object {
        "adult": false,
        "backdropPath": "/test.jpg",
        "genreIds": Array [
          1,
          2,
        ],
        "id": 1,
        "originalLanguage": "en",
        "originalTitle": "test",
        "overview": "test",
        "popularity": 1,
        "posterPath": "/test.jpg",
        "releaseDate": "1",
        "title": "test",
        "video": false,
        "voteAverage": 1,
        "voteCount": 1,
      },
      Object {
        "adult": false,
        "backdropPath": "/test.jpg",
        "genreIds": Array [
          1,
          2,
        ],
        "id": 1,
        "originalLanguage": "en",
        "originalTitle": "test",
        "overview": "test",
        "popularity": 1,
        "posterPath": "/test.jpg",
        "releaseDate": "1",
        "title": "test",
        "video": false,
        "voteAverage": 1,
        "voteCount": 1,
      },
      Object {
        "adult": false,
        "backdropPath": "/test.jpg",
        "genreIds": Array [
          1,
          2,
        ],
        "id": 1,
        "originalLanguage": "en",
        "originalTitle": "test",
        "overview": "test",
        "popularity": 1,
        "posterPath": "/test.jpg",
        "releaseDate": "1",
        "title": "test",
        "video": false,
        "voteAverage": 1,
        "voteCount": 1,
      },
      Object {
        "adult": false,
        "backdropPath": "/test.jpg",
        "genreIds": Array [
          1,
          2,
        ],
        "id": 1,
        "originalLanguage": "en",
        "originalTitle": "test",
        "overview": "test",
        "popularity": 1,
        "posterPath": "/test.jpg",
        "releaseDate": "1",
        "title": "test",
        "video": false,
        "voteAverage": 1,
        "voteCount": 1,
      },
      Object {
        "adult": false,
        "backdropPath": "/test.jpg",
        "genreIds": Array [
          1,
          2,
        ],
        "id": 1,
        "originalLanguage": "en",
        "originalTitle": "test",
        "overview": "test",
        "popularity": 1,
        "posterPath": "/test.jpg",
        "releaseDate": "1",
        "title": "test",
        "video": false,
        "voteAverage": 1,
        "voteCount": 1,
      },
      Object {
        "adult": false,
        "backdropPath": "/test.jpg",
        "genreIds": Array [
          1,
          2,
        ],
        "id": 1,
        "originalLanguage": "en",
        "originalTitle": "test",
        "overview": "test",
        "popularity": 1,
        "posterPath": "/test.jpg",
        "releaseDate": "1",
        "title": "test",
        "video": false,
        "voteAverage": 1,
        "voteCount": 1,
      },
      Object {
        "adult": false,
        "backdropPath": "/test.jpg",
        "genreIds": Array [
          1,
          2,
        ],
        "id": 1,
        "originalLanguage": "en",
        "originalTitle": "test",
        "overview": "test",
        "popularity": 1,
        "posterPath": "/test.jpg",
        "releaseDate": "1",
        "title": "test",
        "video": false,
        "voteAverage": 1,
        "voteCount": 1,
      },
      Object {
        "adult": false,
        "backdropPath": "/test.jpg",
        "genreIds": Array [
          1,
          2,
        ],
        "id": 1,
        "originalLanguage": "en",
        "originalTitle": "test",
        "overview": "test",
        "popularity": 1,
        "posterPath": "/test.jpg",
        "releaseDate": "1",
        "title": "test",
        "video": false,
        "voteAverage": 1,
        "voteCount": 1,
      },
      Object {
        "adult": false,
        "backdropPath": "/test.jpg",
        "genreIds": Array [
          1,
          2,
        ],
        "id": 1,
        "originalLanguage": "en",
        "originalTitle": "test",
        "overview": "test",
        "popularity": 1,
        "posterPath": "/test.jpg",
        "releaseDate": "1",
        "title": "test",
        "video": false,
        "voteAverage": 1,
        "voteCount": 1,
      },
    ]
  }
  status="loading"
  updateMovieTrailerKey={[Function]}
/>
`;

exports[`render SearchResultsPage component render filterMovies function correctly 1`] = `
<SearchResultsPage
  filterMovies={[Function]}
  genres={
    Array [
      Object {
        "id": 1,
        "name": "Action",
      },
    ]
  }
  getTopRatedMovies={[Function]}
  getTrending={[Function]}
  getUpcoming={[Function]}
  handleGridToggle={[Function]}
  isGrid={true}
  movieTrailerKey="testMovieTrailerKey"
  movies={
    Array [
      Object {
        "adult": false,
        "backdropPath": "/test.jpg",
        "genreIds": Array [
          1,
          2,
        ],
        "id": 1,
        "originalLanguage": "en",
        "originalTitle": "test",
        "overview": "test",
        "popularity": 1,
        "posterPath": "/test.jpg",
        "releaseDate": "1",
        "title": "test",
        "video": false,
        "voteAverage": 1,
        "voteCount": 1,
      },
      Object {
        "adult": false,
        "backdropPath": "/test.jpg",
        "genreIds": Array [
          1,
          2,
        ],
        "id": 1,
        "originalLanguage": "en",
        "originalTitle": "test",
        "overview": "test",
        "popularity": 1,
        "posterPath": "/test.jpg",
        "releaseDate": "1",
        "title": "test",
        "video": false,
        "voteAverage": 1,
        "voteCount": 1,
      },
      Object {
        "adult": false,
        "backdropPath": "/test.jpg",
        "genreIds": Array [
          1,
          2,
        ],
        "id": 1,
        "originalLanguage": "en",
        "originalTitle": "test",
        "overview": "test",
        "popularity": 1,
        "posterPath": "/test.jpg",
        "releaseDate": "1",
        "title": "test",
        "video": false,
        "voteAverage": 1,
        "voteCount": 1,
      },
      Object {
        "adult": false,
        "backdropPath": "/test.jpg",
        "genreIds": Array [
          1,
          2,
        ],
        "id": 1,
        "originalLanguage": "en",
        "originalTitle": "test",
        "overview": "test",
        "popularity": 1,
        "posterPath": "/test.jpg",
        "releaseDate": "1",
        "title": "test",
        "video": false,
        "voteAverage": 1,
        "voteCount": 1,
      },
      Object {
        "adult": false,
        "backdropPath": "/test.jpg",
        "genreIds": Array [
          1,
          2,
        ],
        "id": 1,
        "originalLanguage": "en",
        "originalTitle": "test",
        "overview": "test",
        "popularity": 1,
        "posterPath": "/test.jpg",
        "releaseDate": "1",
        "title": "test",
        "video": false,
        "voteAverage": 1,
        "voteCount": 1,
      },
      Object {
        "adult": false,
        "backdropPath": "/test.jpg",
        "genreIds": Array [
          1,
          2,
        ],
        "id": 1,
        "originalLanguage": "en",
        "originalTitle": "test",
        "overview": "test",
        "popularity": 1,
        "posterPath": "/test.jpg",
        "releaseDate": "1",
        "title": "test",
        "video": false,
        "voteAverage": 1,
        "voteCount": 1,
      },
      Object {
        "adult": false,
        "backdropPath": "/test.jpg",
        "genreIds": Array [
          1,
          2,
        ],
        "id": 1,
        "originalLanguage": "en",
        "originalTitle": "test",
        "overview": "test",
        "popularity": 1,
        "posterPath": "/test.jpg",
        "releaseDate": "1",
        "title": "test",
        "video": false,
        "voteAverage": 1,
        "voteCount": 1,
      },
      Object {
        "adult": false,
        "backdropPath": "/test.jpg",
        "genreIds": Array [
          1,
          2,
        ],
        "id": 1,
        "originalLanguage": "en",
        "originalTitle": "test",
        "overview": "test",
        "popularity": 1,
        "posterPath": "/test.jpg",
        "releaseDate": "1",
        "title": "test",
        "video": false,
        "voteAverage": 1,
        "voteCount": 1,
      },
      Object {
        "adult": false,
        "backdropPath": "/test.jpg",
        "genreIds": Array [
          1,
          2,
        ],
        "id": 1,
        "originalLanguage": "en",
        "originalTitle": "test",
        "overview": "test",
        "popularity": 1,
        "posterPath": "/test.jpg",
        "releaseDate": "1",
        "title": "test",
        "video": false,
        "voteAverage": 1,
        "voteCount": 1,
      },
      Object {
        "adult": false,
        "backdropPath": "/test.jpg",
        "genreIds": Array [
          1,
          2,
        ],
        "id": 1,
        "originalLanguage": "en",
        "originalTitle": "test",
        "overview": "test",
        "popularity": 1,
        "posterPath": "/test.jpg",
        "releaseDate": "1",
        "title": "test",
        "video": false,
        "voteAverage": 1,
        "voteCount": 1,
      },
      Object {
        "adult": false,
        "backdropPath": "/test.jpg",
        "genreIds": Array [
          1,
          2,
        ],
        "id": 1,
        "originalLanguage": "en",
        "originalTitle": "test",
        "overview": "test",
        "popularity": 1,
        "posterPath": "/test.jpg",
        "releaseDate": "1",
        "title": "test",
        "video": false,
        "voteAverage": 1,
        "voteCount": 1,
      },
      Object {
        "adult": false,
        "backdropPath": "/test.jpg",
        "genreIds": Array [
          1,
          2,
        ],
        "id": 1,
        "originalLanguage": "en",
        "originalTitle": "test",
        "overview": "test",
        "popularity": 1,
        "posterPath": "/test.jpg",
        "releaseDate": "1",
        "title": "test",
        "video": false,
        "voteAverage": 1,
        "voteCount": 1,
      },
      Object {
        "adult": false,
        "backdropPath": "/test.jpg",
        "genreIds": Array [
          1,
          2,
        ],
        "id": 1,
        "originalLanguage": "en",
        "originalTitle": "test",
        "overview": "test",
        "popularity": 1,
        "posterPath": "/test.jpg",
        "releaseDate": "1",
        "title": "test",
        "video": false,
        "voteAverage": 1,
        "voteCount": 1,
      },
      Object {
        "adult": false,
        "backdropPath": "/test.jpg",
        "genreIds": Array [
          1,
          2,
        ],
        "id": 1,
        "originalLanguage": "en",
        "originalTitle": "test",
        "overview": "test",
        "popularity": 1,
        "posterPath": "/test.jpg",
        "releaseDate": "1",
        "title": "test",
        "video": false,
        "voteAverage": 1,
        "voteCount": 1,
      },
      Object {
        "adult": false,
        "backdropPath": "/test.jpg",
        "genreIds": Array [
          1,
          2,
        ],
        "id": 1,
        "originalLanguage": "en",
        "originalTitle": "test",
        "overview": "test",
        "popularity": 1,
        "posterPath": "/test.jpg",
        "releaseDate": "1",
        "title": "test",
        "video": false,
        "voteAverage": 1,
        "voteCount": 1,
      },
    ]
  }
  status="loading"
  updateMovieTrailerKey={[Function]}
/>
`;

exports[`render SearchResultsPage component render getTopRatedMovies function correctly 1`] = `
<SearchResultsPage
  filterMovies={[Function]}
  genres={
    Array [
      Object {
        "id": 1,
        "name": "Action",
      },
    ]
  }
  getTopRatedMovies={[Function]}
  getTrending={[Function]}
  getUpcoming={[Function]}
  handleGridToggle={[Function]}
  isGrid={true}
  movieTrailerKey="testMovieTrailerKey"
  movies={
    Array [
      Object {
        "adult": false,
        "backdropPath": "/test.jpg",
        "genreIds": Array [
          1,
          2,
        ],
        "id": 1,
        "originalLanguage": "en",
        "originalTitle": "test",
        "overview": "test",
        "popularity": 1,
        "posterPath": "/test.jpg",
        "releaseDate": "1",
        "title": "test",
        "video": false,
        "voteAverage": 1,
        "voteCount": 1,
      },
      Object {
        "adult": false,
        "backdropPath": "/test.jpg",
        "genreIds": Array [
          1,
          2,
        ],
        "id": 1,
        "originalLanguage": "en",
        "originalTitle": "test",
        "overview": "test",
        "popularity": 1,
        "posterPath": "/test.jpg",
        "releaseDate": "1",
        "title": "test",
        "video": false,
        "voteAverage": 1,
        "voteCount": 1,
      },
      Object {
        "adult": false,
        "backdropPath": "/test.jpg",
        "genreIds": Array [
          1,
          2,
        ],
        "id": 1,
        "originalLanguage": "en",
        "originalTitle": "test",
        "overview": "test",
        "popularity": 1,
        "posterPath": "/test.jpg",
        "releaseDate": "1",
        "title": "test",
        "video": false,
        "voteAverage": 1,
        "voteCount": 1,
      },
      Object {
        "adult": false,
        "backdropPath": "/test.jpg",
        "genreIds": Array [
          1,
          2,
        ],
        "id": 1,
        "originalLanguage": "en",
        "originalTitle": "test",
        "overview": "test",
        "popularity": 1,
        "posterPath": "/test.jpg",
        "releaseDate": "1",
        "title": "test",
        "video": false,
        "voteAverage": 1,
        "voteCount": 1,
      },
      Object {
        "adult": false,
        "backdropPath": "/test.jpg",
        "genreIds": Array [
          1,
          2,
        ],
        "id": 1,
        "originalLanguage": "en",
        "originalTitle": "test",
        "overview": "test",
        "popularity": 1,
        "posterPath": "/test.jpg",
        "releaseDate": "1",
        "title": "test",
        "video": false,
        "voteAverage": 1,
        "voteCount": 1,
      },
      Object {
        "adult": false,
        "backdropPath": "/test.jpg",
        "genreIds": Array [
          1,
          2,
        ],
        "id": 1,
        "originalLanguage": "en",
        "originalTitle": "test",
        "overview": "test",
        "popularity": 1,
        "posterPath": "/test.jpg",
        "releaseDate": "1",
        "title": "test",
        "video": false,
        "voteAverage": 1,
        "voteCount": 1,
      },
      Object {
        "adult": false,
        "backdropPath": "/test.jpg",
        "genreIds": Array [
          1,
          2,
        ],
        "id": 1,
        "originalLanguage": "en",
        "originalTitle": "test",
        "overview": "test",
        "popularity": 1,
        "posterPath": "/test.jpg",
        "releaseDate": "1",
        "title": "test",
        "video": false,
        "voteAverage": 1,
        "voteCount": 1,
      },
      Object {
        "adult": false,
        "backdropPath": "/test.jpg",
        "genreIds": Array [
          1,
          2,
        ],
        "id": 1,
        "originalLanguage": "en",
        "originalTitle": "test",
        "overview": "test",
        "popularity": 1,
        "posterPath": "/test.jpg",
        "releaseDate": "1",
        "title": "test",
        "video": false,
        "voteAverage": 1,
        "voteCount": 1,
      },
      Object {
        "adult": false,
        "backdropPath": "/test.jpg",
        "genreIds": Array [
          1,
          2,
        ],
        "id": 1,
        "originalLanguage": "en",
        "originalTitle": "test",
        "overview": "test",
        "popularity": 1,
        "posterPath": "/test.jpg",
        "releaseDate": "1",
        "title": "test",
        "video": false,
        "voteAverage": 1,
        "voteCount": 1,
      },
      Object {
        "adult": false,
        "backdropPath": "/test.jpg",
        "genreIds": Array [
          1,
          2,
        ],
        "id": 1,
        "originalLanguage": "en",
        "originalTitle": "test",
        "overview": "test",
        "popularity": 1,
        "posterPath": "/test.jpg",
        "releaseDate": "1",
        "title": "test",
        "video": false,
        "voteAverage": 1,
        "voteCount": 1,
      },
      Object {
        "adult": false,
        "backdropPath": "/test.jpg",
        "genreIds": Array [
          1,
          2,
        ],
        "id": 1,
        "originalLanguage": "en",
        "originalTitle": "test",
        "overview": "test",
        "popularity": 1,
        "posterPath": "/test.jpg",
        "releaseDate": "1",
        "title": "test",
        "video": false,
        "voteAverage": 1,
        "voteCount": 1,
      },
      Object {
        "adult": false,
        "backdropPath": "/test.jpg",
        "genreIds": Array [
          1,
          2,
        ],
        "id": 1,
        "originalLanguage": "en",
        "originalTitle": "test",
        "overview": "test",
        "popularity": 1,
        "posterPath": "/test.jpg",
        "releaseDate": "1",
        "title": "test",
        "video": false,
        "voteAverage": 1,
        "voteCount": 1,
      },
      Object {
        "adult": false,
        "backdropPath": "/test.jpg",
        "genreIds": Array [
          1,
          2,
        ],
        "id": 1,
        "originalLanguage": "en",
        "originalTitle": "test",
        "overview": "test",
        "popularity": 1,
        "posterPath": "/test.jpg",
        "releaseDate": "1",
        "title": "test",
        "video": false,
        "voteAverage": 1,
        "voteCount": 1,
      },
      Object {
        "adult": false,
        "backdropPath": "/test.jpg",
        "genreIds": Array [
          1,
          2,
        ],
        "id": 1,
        "originalLanguage": "en",
        "originalTitle": "test",
        "overview": "test",
        "popularity": 1,
        "posterPath": "/test.jpg",
        "releaseDate": "1",
        "title": "test",
        "video": false,
        "voteAverage": 1,
        "voteCount": 1,
      },
      Object {
        "adult": false,
        "backdropPath": "/test.jpg",
        "genreIds": Array [
          1,
          2,
        ],
        "id": 1,
        "originalLanguage": "en",
        "originalTitle": "test",
        "overview": "test",
        "popularity": 1,
        "posterPath": "/test.jpg",
        "releaseDate": "1",
        "title": "test",
        "video": false,
        "voteAverage": 1,
        "voteCount": 1,
      },
    ]
  }
  status="loading"
  updateMovieTrailerKey={[Function]}
/>
`;

exports[`render SearchResultsPage component render getTrending function correctly 1`] = `
<SearchResultsPage
  filterMovies={[Function]}
  genres={
    Array [
      Object {
        "id": 1,
        "name": "Action",
      },
    ]
  }
  getTopRatedMovies={[Function]}
  getTrending={[Function]}
  getUpcoming={[Function]}
  handleGridToggle={[Function]}
  isGrid={true}
  movieTrailerKey="testMovieTrailerKey"
  movies={
    Array [
      Object {
        "adult": false,
        "backdropPath": "/test.jpg",
        "genreIds": Array [
          1,
          2,
        ],
        "id": 1,
        "originalLanguage": "en",
        "originalTitle": "test",
        "overview": "test",
        "popularity": 1,
        "posterPath": "/test.jpg",
        "releaseDate": "1",
        "title": "test",
        "video": false,
        "voteAverage": 1,
        "voteCount": 1,
      },
      Object {
        "adult": false,
        "backdropPath": "/test.jpg",
        "genreIds": Array [
          1,
          2,
        ],
        "id": 1,
        "originalLanguage": "en",
        "originalTitle": "test",
        "overview": "test",
        "popularity": 1,
        "posterPath": "/test.jpg",
        "releaseDate": "1",
        "title": "test",
        "video": false,
        "voteAverage": 1,
        "voteCount": 1,
      },
      Object {
        "adult": false,
        "backdropPath": "/test.jpg",
        "genreIds": Array [
          1,
          2,
        ],
        "id": 1,
        "originalLanguage": "en",
        "originalTitle": "test",
        "overview": "test",
        "popularity": 1,
        "posterPath": "/test.jpg",
        "releaseDate": "1",
        "title": "test",
        "video": false,
        "voteAverage": 1,
        "voteCount": 1,
      },
      Object {
        "adult": false,
        "backdropPath": "/test.jpg",
        "genreIds": Array [
          1,
          2,
        ],
        "id": 1,
        "originalLanguage": "en",
        "originalTitle": "test",
        "overview": "test",
        "popularity": 1,
        "posterPath": "/test.jpg",
        "releaseDate": "1",
        "title": "test",
        "video": false,
        "voteAverage": 1,
        "voteCount": 1,
      },
      Object {
        "adult": false,
        "backdropPath": "/test.jpg",
        "genreIds": Array [
          1,
          2,
        ],
        "id": 1,
        "originalLanguage": "en",
        "originalTitle": "test",
        "overview": "test",
        "popularity": 1,
        "posterPath": "/test.jpg",
        "releaseDate": "1",
        "title": "test",
        "video": false,
        "voteAverage": 1,
        "voteCount": 1,
      },
      Object {
        "adult": false,
        "backdropPath": "/test.jpg",
        "genreIds": Array [
          1,
          2,
        ],
        "id": 1,
        "originalLanguage": "en",
        "originalTitle": "test",
        "overview": "test",
        "popularity": 1,
        "posterPath": "/test.jpg",
        "releaseDate": "1",
        "title": "test",
        "video": false,
        "voteAverage": 1,
        "voteCount": 1,
      },
      Object {
        "adult": false,
        "backdropPath": "/test.jpg",
        "genreIds": Array [
          1,
          2,
        ],
        "id": 1,
        "originalLanguage": "en",
        "originalTitle": "test",
        "overview": "test",
        "popularity": 1,
        "posterPath": "/test.jpg",
        "releaseDate": "1",
        "title": "test",
        "video": false,
        "voteAverage": 1,
        "voteCount": 1,
      },
      Object {
        "adult": false,
        "backdropPath": "/test.jpg",
        "genreIds": Array [
          1,
          2,
        ],
        "id": 1,
        "originalLanguage": "en",
        "originalTitle": "test",
        "overview": "test",
        "popularity": 1,
        "posterPath": "/test.jpg",
        "releaseDate": "1",
        "title": "test",
        "video": false,
        "voteAverage": 1,
        "voteCount": 1,
      },
      Object {
        "adult": false,
        "backdropPath": "/test.jpg",
        "genreIds": Array [
          1,
          2,
        ],
        "id": 1,
        "originalLanguage": "en",
        "originalTitle": "test",
        "overview": "test",
        "popularity": 1,
        "posterPath": "/test.jpg",
        "releaseDate": "1",
        "title": "test",
        "video": false,
        "voteAverage": 1,
        "voteCount": 1,
      },
      Object {
        "adult": false,
        "backdropPath": "/test.jpg",
        "genreIds": Array [
          1,
          2,
        ],
        "id": 1,
        "originalLanguage": "en",
        "originalTitle": "test",
        "overview": "test",
        "popularity": 1,
        "posterPath": "/test.jpg",
        "releaseDate": "1",
        "title": "test",
        "video": false,
        "voteAverage": 1,
        "voteCount": 1,
      },
      Object {
        "adult": false,
        "backdropPath": "/test.jpg",
        "genreIds": Array [
          1,
          2,
        ],
        "id": 1,
        "originalLanguage": "en",
        "originalTitle": "test",
        "overview": "test",
        "popularity": 1,
        "posterPath": "/test.jpg",
        "releaseDate": "1",
        "title": "test",
        "video": false,
        "voteAverage": 1,
        "voteCount": 1,
      },
      Object {
        "adult": false,
        "backdropPath": "/test.jpg",
        "genreIds": Array [
          1,
          2,
        ],
        "id": 1,
        "originalLanguage": "en",
        "originalTitle": "test",
        "overview": "test",
        "popularity": 1,
        "posterPath": "/test.jpg",
        "releaseDate": "1",
        "title": "test",
        "video": false,
        "voteAverage": 1,
        "voteCount": 1,
      },
      Object {
        "adult": false,
        "backdropPath": "/test.jpg",
        "genreIds": Array [
          1,
          2,
        ],
        "id": 1,
        "originalLanguage": "en",
        "originalTitle": "test",
        "overview": "test",
        "popularity": 1,
        "posterPath": "/test.jpg",
        "releaseDate": "1",
        "title": "test",
        "video": false,
        "voteAverage": 1,
        "voteCount": 1,
      },
      Object {
        "adult": false,
        "backdropPath": "/test.jpg",
        "genreIds": Array [
          1,
          2,
        ],
        "id": 1,
        "originalLanguage": "en",
        "originalTitle": "test",
        "overview": "test",
        "popularity": 1,
        "posterPath": "/test.jpg",
        "releaseDate": "1",
        "title": "test",
        "video": false,
        "voteAverage": 1,
        "voteCount": 1,
      },
      Object {
        "adult": false,
        "backdropPath": "/test.jpg",
        "genreIds": Array [
          1,
          2,
        ],
        "id": 1,
        "originalLanguage": "en",
        "originalTitle": "test",
        "overview": "test",
        "popularity": 1,
        "posterPath": "/test.jpg",
        "releaseDate": "1",
        "title": "test",
        "video": false,
        "voteAverage": 1,
        "voteCount": 1,
      },
    ]
  }
  status="loading"
  updateMovieTrailerKey={[Function]}
/>
`;

exports[`render SearchResultsPage component render getUpcoming function correctly 1`] = `
<SearchResultsPage
  filterMovies={[Function]}
  genres={
    Array [
      Object {
        "id": 1,
        "name": "Action",
      },
    ]
  }
  getTopRatedMovies={[Function]}
  getTrending={[Function]}
  getUpcoming={[Function]}
  handleGridToggle={[Function]}
  isGrid={true}
  movieTrailerKey="testMovieTrailerKey"
  movies={
    Array [
      Object {
        "adult": false,
        "backdropPath": "/test.jpg",
        "genreIds": Array [
          1,
          2,
        ],
        "id": 1,
        "originalLanguage": "en",
        "originalTitle": "test",
        "overview": "test",
        "popularity": 1,
        "posterPath": "/test.jpg",
        "releaseDate": "1",
        "title": "test",
        "video": false,
        "voteAverage": 1,
        "voteCount": 1,
      },
      Object {
        "adult": false,
        "backdropPath": "/test.jpg",
        "genreIds": Array [
          1,
          2,
        ],
        "id": 1,
        "originalLanguage": "en",
        "originalTitle": "test",
        "overview": "test",
        "popularity": 1,
        "posterPath": "/test.jpg",
        "releaseDate": "1",
        "title": "test",
        "video": false,
        "voteAverage": 1,
        "voteCount": 1,
      },
      Object {
        "adult": false,
        "backdropPath": "/test.jpg",
        "genreIds": Array [
          1,
          2,
        ],
        "id": 1,
        "originalLanguage": "en",
        "originalTitle": "test",
        "overview": "test",
        "popularity": 1,
        "posterPath": "/test.jpg",
        "releaseDate": "1",
        "title": "test",
        "video": false,
        "voteAverage": 1,
        "voteCount": 1,
      },
      Object {
        "adult": false,
        "backdropPath": "/test.jpg",
        "genreIds": Array [
          1,
          2,
        ],
        "id": 1,
        "originalLanguage": "en",
        "originalTitle": "test",
        "overview": "test",
        "popularity": 1,
        "posterPath": "/test.jpg",
        "releaseDate": "1",
        "title": "test",
        "video": false,
        "voteAverage": 1,
        "voteCount": 1,
      },
      Object {
        "adult": false,
        "backdropPath": "/test.jpg",
        "genreIds": Array [
          1,
          2,
        ],
        "id": 1,
        "originalLanguage": "en",
        "originalTitle": "test",
        "overview": "test",
        "popularity": 1,
        "posterPath": "/test.jpg",
        "releaseDate": "1",
        "title": "test",
        "video": false,
        "voteAverage": 1,
        "voteCount": 1,
      },
      Object {
        "adult": false,
        "backdropPath": "/test.jpg",
        "genreIds": Array [
          1,
          2,
        ],
        "id": 1,
        "originalLanguage": "en",
        "originalTitle": "test",
        "overview": "test",
        "popularity": 1,
        "posterPath": "/test.jpg",
        "releaseDate": "1",
        "title": "test",
        "video": false,
        "voteAverage": 1,
        "voteCount": 1,
      },
      Object {
        "adult": false,
        "backdropPath": "/test.jpg",
        "genreIds": Array [
          1,
          2,
        ],
        "id": 1,
        "originalLanguage": "en",
        "originalTitle": "test",
        "overview": "test",
        "popularity": 1,
        "posterPath": "/test.jpg",
        "releaseDate": "1",
        "title": "test",
        "video": false,
        "voteAverage": 1,
        "voteCount": 1,
      },
      Object {
        "adult": false,
        "backdropPath": "/test.jpg",
        "genreIds": Array [
          1,
          2,
        ],
        "id": 1,
        "originalLanguage": "en",
        "originalTitle": "test",
        "overview": "test",
        "popularity": 1,
        "posterPath": "/test.jpg",
        "releaseDate": "1",
        "title": "test",
        "video": false,
        "voteAverage": 1,
        "voteCount": 1,
      },
      Object {
        "adult": false,
        "backdropPath": "/test.jpg",
        "genreIds": Array [
          1,
          2,
        ],
        "id": 1,
        "originalLanguage": "en",
        "originalTitle": "test",
        "overview": "test",
        "popularity": 1,
        "posterPath": "/test.jpg",
        "releaseDate": "1",
        "title": "test",
        "video": false,
        "voteAverage": 1,
        "voteCount": 1,
      },
      Object {
        "adult": false,
        "backdropPath": "/test.jpg",
        "genreIds": Array [
          1,
          2,
        ],
        "id": 1,
        "originalLanguage": "en",
        "originalTitle": "test",
        "overview": "test",
        "popularity": 1,
        "posterPath": "/test.jpg",
        "releaseDate": "1",
        "title": "test",
        "video": false,
        "voteAverage": 1,
        "voteCount": 1,
      },
      Object {
        "adult": false,
        "backdropPath": "/test.jpg",
        "genreIds": Array [
          1,
          2,
        ],
        "id": 1,
        "originalLanguage": "en",
        "originalTitle": "test",
        "overview": "test",
        "popularity": 1,
        "posterPath": "/test.jpg",
        "releaseDate": "1",
        "title": "test",
        "video": false,
        "voteAverage": 1,
        "voteCount": 1,
      },
      Object {
        "adult": false,
        "backdropPath": "/test.jpg",
        "genreIds": Array [
          1,
          2,
        ],
        "id": 1,
        "originalLanguage": "en",
        "originalTitle": "test",
        "overview": "test",
        "popularity": 1,
        "posterPath": "/test.jpg",
        "releaseDate": "1",
        "title": "test",
        "video": false,
        "voteAverage": 1,
        "voteCount": 1,
      },
      Object {
        "adult": false,
        "backdropPath": "/test.jpg",
        "genreIds": Array [
          1,
          2,
        ],
        "id": 1,
        "originalLanguage": "en",
        "originalTitle": "test",
        "overview": "test",
        "popularity": 1,
        "posterPath": "/test.jpg",
        "releaseDate": "1",
        "title": "test",
        "video": false,
        "voteAverage": 1,
        "voteCount": 1,
      },
      Object {
        "adult": false,
        "backdropPath": "/test.jpg",
        "genreIds": Array [
          1,
          2,
        ],
        "id": 1,
        "originalLanguage": "en",
        "originalTitle": "test",
        "overview": "test",
        "popularity": 1,
        "posterPath": "/test.jpg",
        "releaseDate": "1",
        "title": "test",
        "video": false,
        "voteAverage": 1,
        "voteCount": 1,
      },
      Object {
        "adult": false,
        "backdropPath": "/test.jpg",
        "genreIds": Array [
          1,
          2,
        ],
        "id": 1,
        "originalLanguage": "en",
        "originalTitle": "test",
        "overview": "test",
        "popularity": 1,
        "posterPath": "/test.jpg",
        "releaseDate": "1",
        "title": "test",
        "video": false,
        "voteAverage": 1,
        "voteCount": 1,
      },
    ]
  }
  status="loading"
  updateMovieTrailerKey={[Function]}
/>
`;

exports[`render SearchResultsPage component render grid toggle correctly 1`] = `
<SearchResultsPage
  filterMovies={[Function]}
  genres={
    Array [
      Object {
        "id": 1,
        "name": "Action",
      },
    ]
  }
  getTopRatedMovies={[Function]}
  getTrending={[Function]}
  getUpcoming={[Function]}
  handleGridToggle={[Function]}
  isGrid={false}
  movieTrailerKey="testMovieTrailerKey"
  movies={
    Array [
      Object {
        "adult": false,
        "backdropPath": "/test.jpg",
        "genreIds": Array [
          1,
          2,
        ],
        "id": 1,
        "originalLanguage": "en",
        "originalTitle": "test",
        "overview": "test",
        "popularity": 1,
        "posterPath": "/test.jpg",
        "releaseDate": "1",
        "title": "test",
        "video": false,
        "voteAverage": 1,
        "voteCount": 1,
      },
      Object {
        "adult": false,
        "backdropPath": "/test.jpg",
        "genreIds": Array [
          1,
          2,
        ],
        "id": 1,
        "originalLanguage": "en",
        "originalTitle": "test",
        "overview": "test",
        "popularity": 1,
        "posterPath": "/test.jpg",
        "releaseDate": "1",
        "title": "test",
        "video": false,
        "voteAverage": 1,
        "voteCount": 1,
      },
      Object {
        "adult": false,
        "backdropPath": "/test.jpg",
        "genreIds": Array [
          1,
          2,
        ],
        "id": 1,
        "originalLanguage": "en",
        "originalTitle": "test",
        "overview": "test",
        "popularity": 1,
        "posterPath": "/test.jpg",
        "releaseDate": "1",
        "title": "test",
        "video": false,
        "voteAverage": 1,
        "voteCount": 1,
      },
      Object {
        "adult": false,
        "backdropPath": "/test.jpg",
        "genreIds": Array [
          1,
          2,
        ],
        "id": 1,
        "originalLanguage": "en",
        "originalTitle": "test",
        "overview": "test",
        "popularity": 1,
        "posterPath": "/test.jpg",
        "releaseDate": "1",
        "title": "test",
        "video": false,
        "voteAverage": 1,
        "voteCount": 1,
      },
      Object {
        "adult": false,
        "backdropPath": "/test.jpg",
        "genreIds": Array [
          1,
          2,
        ],
        "id": 1,
        "originalLanguage": "en",
        "originalTitle": "test",
        "overview": "test",
        "popularity": 1,
        "posterPath": "/test.jpg",
        "releaseDate": "1",
        "title": "test",
        "video": false,
        "voteAverage": 1,
        "voteCount": 1,
      },
      Object {
        "adult": false,
        "backdropPath": "/test.jpg",
        "genreIds": Array [
          1,
          2,
        ],
        "id": 1,
        "originalLanguage": "en",
        "originalTitle": "test",
        "overview": "test",
        "popularity": 1,
        "posterPath": "/test.jpg",
        "releaseDate": "1",
        "title": "test",
        "video": false,
        "voteAverage": 1,
        "voteCount": 1,
      },
      Object {
        "adult": false,
        "backdropPath": "/test.jpg",
        "genreIds": Array [
          1,
          2,
        ],
        "id": 1,
        "originalLanguage": "en",
        "originalTitle": "test",
        "overview": "test",
        "popularity": 1,
        "posterPath": "/test.jpg",
        "releaseDate": "1",
        "title": "test",
        "video": false,
        "voteAverage": 1,
        "voteCount": 1,
      },
      Object {
        "adult": false,
        "backdropPath": "/test.jpg",
        "genreIds": Array [
          1,
          2,
        ],
        "id": 1,
        "originalLanguage": "en",
        "originalTitle": "test",
        "overview": "test",
        "popularity": 1,
        "posterPath": "/test.jpg",
        "releaseDate": "1",
        "title": "test",
        "video": false,
        "voteAverage": 1,
        "voteCount": 1,
      },
      Object {
        "adult": false,
        "backdropPath": "/test.jpg",
        "genreIds": Array [
          1,
          2,
        ],
        "id": 1,
        "originalLanguage": "en",
        "originalTitle": "test",
        "overview": "test",
        "popularity": 1,
        "posterPath": "/test.jpg",
        "releaseDate": "1",
        "title": "test",
        "video": false,
        "voteAverage": 1,
        "voteCount": 1,
      },
      Object {
        "adult": false,
        "backdropPath": "/test.jpg",
        "genreIds": Array [
          1,
          2,
        ],
        "id": 1,
        "originalLanguage": "en",
        "originalTitle": "test",
        "overview": "test",
        "popularity": 1,
        "posterPath": "/test.jpg",
        "releaseDate": "1",
        "title": "test",
        "video": false,
        "voteAverage": 1,
        "voteCount": 1,
      },
      Object {
        "adult": false,
        "backdropPath": "/test.jpg",
        "genreIds": Array [
          1,
          2,
        ],
        "id": 1,
        "originalLanguage": "en",
        "originalTitle": "test",
        "overview": "test",
        "popularity": 1,
        "posterPath": "/test.jpg",
        "releaseDate": "1",
        "title": "test",
        "video": false,
        "voteAverage": 1,
        "voteCount": 1,
      },
      Object {
        "adult": false,
        "backdropPath": "/test.jpg",
        "genreIds": Array [
          1,
          2,
        ],
        "id": 1,
        "originalLanguage": "en",
        "originalTitle": "test",
        "overview": "test",
        "popularity": 1,
        "posterPath": "/test.jpg",
        "releaseDate": "1",
        "title": "test",
        "video": false,
        "voteAverage": 1,
        "voteCount": 1,
      },
      Object {
        "adult": false,
        "backdropPath": "/test.jpg",
        "genreIds": Array [
          1,
          2,
        ],
        "id": 1,
        "originalLanguage": "en",
        "originalTitle": "test",
        "overview": "test",
        "popularity": 1,
        "posterPath": "/test.jpg",
        "releaseDate": "1",
        "title": "test",
        "video": false,
        "voteAverage": 1,
        "voteCount": 1,
      },
      Object {
        "adult": false,
        "backdropPath": "/test.jpg",
        "genreIds": Array [
          1,
          2,
        ],
        "id": 1,
        "originalLanguage": "en",
        "originalTitle": "test",
        "overview": "test",
        "popularity": 1,
        "posterPath": "/test.jpg",
        "releaseDate": "1",
        "title": "test",
        "video": false,
        "voteAverage": 1,
        "voteCount": 1,
      },
      Object {
        "adult": false,
        "backdropPath": "/test.jpg",
        "genreIds": Array [
          1,
          2,
        ],
        "id": 1,
        "originalLanguage": "en",
        "originalTitle": "test",
        "overview": "test",
        "popularity": 1,
        "posterPath": "/test.jpg",
        "releaseDate": "1",
        "title": "test",
        "video": false,
        "voteAverage": 1,
        "voteCount": 1,
      },
    ]
  }
  status="loading"
  updateMovieTrailerKey={[Function]}
/>
`;

exports[`render SearchResultsPage component render initial state correctly 1`] = `
<SearchResultsPage
  filterMovies={[Function]}
  genres={
    Array [
      Object {
        "id": 1,
        "name": "Action",
      },
    ]
  }
  getTopRatedMovies={[Function]}
  getTrending={[Function]}
  getUpcoming={[Function]}
  handleGridToggle={[Function]}
  isGrid={true}
  movieTrailerKey="testMovieTrailerKey"
  movies={
    Array [
      Object {
        "adult": false,
        "backdropPath": "/test.jpg",
        "genreIds": Array [
          1,
          2,
        ],
        "id": 1,
        "originalLanguage": "en",
        "originalTitle": "test",
        "overview": "test",
        "popularity": 1,
        "posterPath": "/test.jpg",
        "releaseDate": "1",
        "title": "test",
        "video": false,
        "voteAverage": 1,
        "voteCount": 1,
      },
      Object {
        "adult": false,
        "backdropPath": "/test.jpg",
        "genreIds": Array [
          1,
          2,
        ],
        "id": 1,
        "originalLanguage": "en",
        "originalTitle": "test",
        "overview": "test",
        "popularity": 1,
        "posterPath": "/test.jpg",
        "releaseDate": "1",
        "title": "test",
        "video": false,
        "voteAverage": 1,
        "voteCount": 1,
      },
      Object {
        "adult": false,
        "backdropPath": "/test.jpg",
        "genreIds": Array [
          1,
          2,
        ],
        "id": 1,
        "originalLanguage": "en",
        "originalTitle": "test",
        "overview": "test",
        "popularity": 1,
        "posterPath": "/test.jpg",
        "releaseDate": "1",
        "title": "test",
        "video": false,
        "voteAverage": 1,
        "voteCount": 1,
      },
      Object {
        "adult": false,
        "backdropPath": "/test.jpg",
        "genreIds": Array [
          1,
          2,
        ],
        "id": 1,
        "originalLanguage": "en",
        "originalTitle": "test",
        "overview": "test",
        "popularity": 1,
        "posterPath": "/test.jpg",
        "releaseDate": "1",
        "title": "test",
        "video": false,
        "voteAverage": 1,
        "voteCount": 1,
      },
      Object {
        "adult": false,
        "backdropPath": "/test.jpg",
        "genreIds": Array [
          1,
          2,
        ],
        "id": 1,
        "originalLanguage": "en",
        "originalTitle": "test",
        "overview": "test",
        "popularity": 1,
        "posterPath": "/test.jpg",
        "releaseDate": "1",
        "title": "test",
        "video": false,
        "voteAverage": 1,
        "voteCount": 1,
      },
      Object {
        "adult": false,
        "backdropPath": "/test.jpg",
        "genreIds": Array [
          1,
          2,
        ],
        "id": 1,
        "originalLanguage": "en",
        "originalTitle": "test",
        "overview": "test",
        "popularity": 1,
        "posterPath": "/test.jpg",
        "releaseDate": "1",
        "title": "test",
        "video": false,
        "voteAverage": 1,
        "voteCount": 1,
      },
      Object {
        "adult": false,
        "backdropPath": "/test.jpg",
        "genreIds": Array [
          1,
          2,
        ],
        "id": 1,
        "originalLanguage": "en",
        "originalTitle": "test",
        "overview": "test",
        "popularity": 1,
        "posterPath": "/test.jpg",
        "releaseDate": "1",
        "title": "test",
        "video": false,
        "voteAverage": 1,
        "voteCount": 1,
      },
      Object {
        "adult": false,
        "backdropPath": "/test.jpg",
        "genreIds": Array [
          1,
          2,
        ],
        "id": 1,
        "originalLanguage": "en",
        "originalTitle": "test",
        "overview": "test",
        "popularity": 1,
        "posterPath": "/test.jpg",
        "releaseDate": "1",
        "title": "test",
        "video": false,
        "voteAverage": 1,
        "voteCount": 1,
      },
      Object {
        "adult": false,
        "backdropPath": "/test.jpg",
        "genreIds": Array [
          1,
          2,
        ],
        "id": 1,
        "originalLanguage": "en",
        "originalTitle": "test",
        "overview": "test",
        "popularity": 1,
        "posterPath": "/test.jpg",
        "releaseDate": "1",
        "title": "test",
        "video": false,
        "voteAverage": 1,
        "voteCount": 1,
      },
      Object {
        "adult": false,
        "backdropPath": "/test.jpg",
        "genreIds": Array [
          1,
          2,
        ],
        "id": 1,
        "originalLanguage": "en",
        "originalTitle": "test",
        "overview": "test",
        "popularity": 1,
        "posterPath": "/test.jpg",
        "releaseDate": "1",
        "title": "test",
        "video": false,
        "voteAverage": 1,
        "voteCount": 1,
      },
      Object {
        "adult": false,
        "backdropPath": "/test.jpg",
        "genreIds": Array [
          1,
          2,
        ],
        "id": 1,
        "originalLanguage": "en",
        "originalTitle": "test",
        "overview": "test",
        "popularity": 1,
        "posterPath": "/test.jpg",
        "releaseDate": "1",
        "title": "test",
        "video": false,
        "voteAverage": 1,
        "voteCount": 1,
      },
      Object {
        "adult": false,
        "backdropPath": "/test.jpg",
        "genreIds": Array [
          1,
          2,
        ],
        "id": 1,
        "originalLanguage": "en",
        "originalTitle": "test",
        "overview": "test",
        "popularity": 1,
        "posterPath": "/test.jpg",
        "releaseDate": "1",
        "title": "test",
        "video": false,
        "voteAverage": 1,
        "voteCount": 1,
      },
      Object {
        "adult": false,
        "backdropPath": "/test.jpg",
        "genreIds": Array [
          1,
          2,
        ],
        "id": 1,
        "originalLanguage": "en",
        "originalTitle": "test",
        "overview": "test",
        "popularity": 1,
        "posterPath": "/test.jpg",
        "releaseDate": "1",
        "title": "test",
        "video": false,
        "voteAverage": 1,
        "voteCount": 1,
      },
      Object {
        "adult": false,
        "backdropPath": "/test.jpg",
        "genreIds": Array [
          1,
          2,
        ],
        "id": 1,
        "originalLanguage": "en",
        "originalTitle": "test",
        "overview": "test",
        "popularity": 1,
        "posterPath": "/test.jpg",
        "releaseDate": "1",
        "title": "test",
        "video": false,
        "voteAverage": 1,
        "voteCount": 1,
      },
      Object {
        "adult": false,
        "backdropPath": "/test.jpg",
        "genreIds": Array [
          1,
          2,
        ],
        "id": 1,
        "originalLanguage": "en",
        "originalTitle": "test",
        "overview": "test",
        "popularity": 1,
        "posterPath": "/test.jpg",
        "releaseDate": "1",
        "title": "test",
        "video": false,
        "voteAverage": 1,
        "voteCount": 1,
      },
    ]
  }
  status="loading"
  updateMovieTrailerKey={[Function]}
/>
`;

exports[`render SearchResultsPage component render movie trailer key update correctly 1`] = `
<SearchResultsPage
  filterMovies={[Function]}
  genres={
    Array [
      Object {
        "id": 1,
        "name": "Action",
      },
    ]
  }
  getTopRatedMovies={[Function]}
  getTrending={[Function]}
  getUpcoming={[Function]}
  handleGridToggle={[Function]}
  isGrid={true}
  movieTrailerKey="testMovieTrailerKey"
  movies={
    Array [
      Object {
        "adult": false,
        "backdropPath": "/test.jpg",
        "genreIds": Array [
          1,
          2,
        ],
        "id": 1,
        "originalLanguage": "en",
        "originalTitle": "test",
        "overview": "test",
        "popularity": 1,
        "posterPath": "/test.jpg",
        "releaseDate": "1",
        "title": "test",
        "video": false,
        "voteAverage": 1,
        "voteCount": 1,
      },
      Object {
        "adult": false,
        "backdropPath": "/test.jpg",
        "genreIds": Array [
          1,
          2,
        ],
        "id": 1,
        "originalLanguage": "en",
        "originalTitle": "test",
        "overview": "test",
        "popularity": 1,
        "posterPath": "/test.jpg",
        "releaseDate": "1",
        "title": "test",
        "video": false,
        "voteAverage": 1,
        "voteCount": 1,
      },
      Object {
        "adult": false,
        "backdropPath": "/test.jpg",
        "genreIds": Array [
          1,
          2,
        ],
        "id": 1,
        "originalLanguage": "en",
        "originalTitle": "test",
        "overview": "test",
        "popularity": 1,
        "posterPath": "/test.jpg",
        "releaseDate": "1",
        "title": "test",
        "video": false,
        "voteAverage": 1,
        "voteCount": 1,
      },
      Object {
        "adult": false,
        "backdropPath": "/test.jpg",
        "genreIds": Array [
          1,
          2,
        ],
        "id": 1,
        "originalLanguage": "en",
        "originalTitle": "test",
        "overview": "test",
        "popularity": 1,
        "posterPath": "/test.jpg",
        "releaseDate": "1",
        "title": "test",
        "video": false,
        "voteAverage": 1,
        "voteCount": 1,
      },
      Object {
        "adult": false,
        "backdropPath": "/test.jpg",
        "genreIds": Array [
          1,
          2,
        ],
        "id": 1,
        "originalLanguage": "en",
        "originalTitle": "test",
        "overview": "test",
        "popularity": 1,
        "posterPath": "/test.jpg",
        "releaseDate": "1",
        "title": "test",
        "video": false,
        "voteAverage": 1,
        "voteCount": 1,
      },
      Object {
        "adult": false,
        "backdropPath": "/test.jpg",
        "genreIds": Array [
          1,
          2,
        ],
        "id": 1,
        "originalLanguage": "en",
        "originalTitle": "test",
        "overview": "test",
        "popularity": 1,
        "posterPath": "/test.jpg",
        "releaseDate": "1",
        "title": "test",
        "video": false,
        "voteAverage": 1,
        "voteCount": 1,
      },
      Object {
        "adult": false,
        "backdropPath": "/test.jpg",
        "genreIds": Array [
          1,
          2,
        ],
        "id": 1,
        "originalLanguage": "en",
        "originalTitle": "test",
        "overview": "test",
        "popularity": 1,
        "posterPath": "/test.jpg",
        "releaseDate": "1",
        "title": "test",
        "video": false,
        "voteAverage": 1,
        "voteCount": 1,
      },
      Object {
        "adult": false,
        "backdropPath": "/test.jpg",
        "genreIds": Array [
          1,
          2,
        ],
        "id": 1,
        "originalLanguage": "en",
        "originalTitle": "test",
        "overview": "test",
        "popularity": 1,
        "posterPath": "/test.jpg",
        "releaseDate": "1",
        "title": "test",
        "video": false,
        "voteAverage": 1,
        "voteCount": 1,
      },
      Object {
        "adult": false,
        "backdropPath": "/test.jpg",
        "genreIds": Array [
          1,
          2,
        ],
        "id": 1,
        "originalLanguage": "en",
        "originalTitle": "test",
        "overview": "test",
        "popularity": 1,
        "posterPath": "/test.jpg",
        "releaseDate": "1",
        "title": "test",
        "video": false,
        "voteAverage": 1,
        "voteCount": 1,
      },
      Object {
        "adult": false,
        "backdropPath": "/test.jpg",
        "genreIds": Array [
          1,
          2,
        ],
        "id": 1,
        "originalLanguage": "en",
        "originalTitle": "test",
        "overview": "test",
        "popularity": 1,
        "posterPath": "/test.jpg",
        "releaseDate": "1",
        "title": "test",
        "video": false,
        "voteAverage": 1,
        "voteCount": 1,
      },
      Object {
        "adult": false,
        "backdropPath": "/test.jpg",
        "genreIds": Array [
          1,
          2,
        ],
        "id": 1,
        "originalLanguage": "en",
        "originalTitle": "test",
        "overview": "test",
        "popularity": 1,
        "posterPath": "/test.jpg",
        "releaseDate": "1",
        "title": "test",
        "video": false,
        "voteAverage": 1,
        "voteCount": 1,
      },
      Object {
        "adult": false,
        "backdropPath": "/test.jpg",
        "genreIds": Array [
          1,
          2,
        ],
        "id": 1,
        "originalLanguage": "en",
        "originalTitle": "test",
        "overview": "test",
        "popularity": 1,
        "posterPath": "/test.jpg",
        "releaseDate": "1",
        "title": "test",
        "video": false,
        "voteAverage": 1,
        "voteCount": 1,
      },
      Object {
        "adult": false,
        "backdropPath": "/test.jpg",
        "genreIds": Array [
          1,
          2,
        ],
        "id": 1,
        "originalLanguage": "en",
        "originalTitle": "test",
        "overview": "test",
        "popularity": 1,
        "posterPath": "/test.jpg",
        "releaseDate": "1",
        "title": "test",
        "video": false,
        "voteAverage": 1,
        "voteCount": 1,
      },
      Object {
        "adult": false,
        "backdropPath": "/test.jpg",
        "genreIds": Array [
          1,
          2,
        ],
        "id": 1,
        "originalLanguage": "en",
        "originalTitle": "test",
        "overview": "test",
        "popularity": 1,
        "posterPath": "/test.jpg",
        "releaseDate": "1",
        "title": "test",
        "video": false,
        "voteAverage": 1,
        "voteCount": 1,
      },
      Object {
        "adult": false,
        "backdropPath": "/test.jpg",
        "genreIds": Array [
          1,
          2,
        ],
        "id": 1,
        "originalLanguage": "en",
        "originalTitle": "test",
        "overview": "test",
        "popularity": 1,
        "posterPath": "/test.jpg",
        "releaseDate": "1",
        "title": "test",
        "video": false,
        "voteAverage": 1,
        "voteCount": 1,
      },
    ]
  }
  status="loading"
  updateMovieTrailerKey={[Function]}
/>
`;

exports[`render SearchResultsPage component render movie trailer key update to null correctly 1`] = `
<SearchResultsPage
  filterMovies={[Function]}
  genres={
    Array [
      Object {
        "id": 1,
        "name": "Action",
      },
    ]
  }
  getTopRatedMovies={[Function]}
  getTrending={[Function]}
  getUpcoming={[Function]}
  handleGridToggle={[Function]}
  isGrid={true}
  movieTrailerKey="testMovieTrailerKey"
  movies={
    Array [
      Object {
        "adult": false,
        "backdropPath": "/test.jpg",
        "genreIds": Array [
          1,
          2,
        ],
        "id": 1,
        "originalLanguage": "en",
        "originalTitle": "test",
        "overview": "test",
        "popularity": 1,
        "posterPath": "/test.jpg",
        "releaseDate": "1",
        "title": "test",
        "video": false,
        "voteAverage": 1,
        "voteCount": 1,
      },
      Object {
        "adult": false,
        "backdropPath": "/test.jpg",
        "genreIds": Array [
          1,
          2,
        ],
        "id": 1,
        "originalLanguage": "en",
        "originalTitle": "test",
        "overview": "test",
        "popularity": 1,
        "posterPath": "/test.jpg",
        "releaseDate": "1",
        "title": "test",
        "video": false,
        "voteAverage": 1,
        "voteCount": 1,
      },
      Object {
        "adult": false,
        "backdropPath": "/test.jpg",
        "genreIds": Array [
          1,
          2,
        ],
        "id": 1,
        "originalLanguage": "en",
        "originalTitle": "test",
        "overview": "test",
        "popularity": 1,
        "posterPath": "/test.jpg",
        "releaseDate": "1",
        "title": "test",
        "video": false,
        "voteAverage": 1,
        "voteCount": 1,
      },
      Object {
        "adult": false,
        "backdropPath": "/test.jpg",
        "genreIds": Array [
          1,
          2,
        ],
        "id": 1,
        "originalLanguage": "en",
        "originalTitle": "test",
        "overview": "test",
        "popularity": 1,
        "posterPath": "/test.jpg",
        "releaseDate": "1",
        "title": "test",
        "video": false,
        "voteAverage": 1,
        "voteCount": 1,
      },
      Object {
        "adult": false,
        "backdropPath": "/test.jpg",
        "genreIds": Array [
          1,
          2,
        ],
        "id": 1,
        "originalLanguage": "en",
        "originalTitle": "test",
        "overview": "test",
        "popularity": 1,
        "posterPath": "/test.jpg",
        "releaseDate": "1",
        "title": "test",
        "video": false,
        "voteAverage": 1,
        "voteCount": 1,
      },
      Object {
        "adult": false,
        "backdropPath": "/test.jpg",
        "genreIds": Array [
          1,
          2,
        ],
        "id": 1,
        "originalLanguage": "en",
        "originalTitle": "test",
        "overview": "test",
        "popularity": 1,
        "posterPath": "/test.jpg",
        "releaseDate": "1",
        "title": "test",
        "video": false,
        "voteAverage": 1,
        "voteCount": 1,
      },
      Object {
        "adult": false,
        "backdropPath": "/test.jpg",
        "genreIds": Array [
          1,
          2,
        ],
        "id": 1,
        "originalLanguage": "en",
        "originalTitle": "test",
        "overview": "test",
        "popularity": 1,
        "posterPath": "/test.jpg",
        "releaseDate": "1",
        "title": "test",
        "video": false,
        "voteAverage": 1,
        "voteCount": 1,
      },
      Object {
        "adult": false,
        "backdropPath": "/test.jpg",
        "genreIds": Array [
          1,
          2,
        ],
        "id": 1,
        "originalLanguage": "en",
        "originalTitle": "test",
        "overview": "test",
        "popularity": 1,
        "posterPath": "/test.jpg",
        "releaseDate": "1",
        "title": "test",
        "video": false,
        "voteAverage": 1,
        "voteCount": 1,
      },
      Object {
        "adult": false,
        "backdropPath": "/test.jpg",
        "genreIds": Array [
          1,
          2,
        ],
        "id": 1,
        "originalLanguage": "en",
        "originalTitle": "test",
        "overview": "test",
        "popularity": 1,
        "posterPath": "/test.jpg",
        "releaseDate": "1",
        "title": "test",
        "video": false,
        "voteAverage": 1,
        "voteCount": 1,
      },
      Object {
        "adult": false,
        "backdropPath": "/test.jpg",
        "genreIds": Array [
          1,
          2,
        ],
        "id": 1,
        "originalLanguage": "en",
        "originalTitle": "test",
        "overview": "test",
        "popularity": 1,
        "posterPath": "/test.jpg",
        "releaseDate": "1",
        "title": "test",
        "video": false,
        "voteAverage": 1,
        "voteCount": 1,
      },
      Object {
        "adult": false,
        "backdropPath": "/test.jpg",
        "genreIds": Array [
          1,
          2,
        ],
        "id": 1,
        "originalLanguage": "en",
        "originalTitle": "test",
        "overview": "test",
        "popularity": 1,
        "posterPath": "/test.jpg",
        "releaseDate": "1",
        "title": "test",
        "video": false,
        "voteAverage": 1,
        "voteCount": 1,
      },
      Object {
        "adult": false,
        "backdropPath": "/test.jpg",
        "genreIds": Array [
          1,
          2,
        ],
        "id": 1,
        "originalLanguage": "en",
        "originalTitle": "test",
        "overview": "test",
        "popularity": 1,
        "posterPath": "/test.jpg",
        "releaseDate": "1",
        "title": "test",
        "video": false,
        "voteAverage": 1,
        "voteCount": 1,
      },
      Object {
        "adult": false,
        "backdropPath": "/test.jpg",
        "genreIds": Array [
          1,
          2,
        ],
        "id": 1,
        "originalLanguage": "en",
        "originalTitle": "test",
        "overview": "test",
        "popularity": 1,
        "posterPath": "/test.jpg",
        "releaseDate": "1",
        "title": "test",
        "video": false,
        "voteAverage": 1,
        "voteCount": 1,
      },
      Object {
        "adult": false,
        "backdropPath": "/test.jpg",
        "genreIds": Array [
          1,
          2,
        ],
        "id": 1,
        "originalLanguage": "en",
        "originalTitle": "test",
        "overview": "test",
        "popularity": 1,
        "posterPath": "/test.jpg",
        "releaseDate": "1",
        "title": "test",
        "video": false,
        "voteAverage": 1,
        "voteCount": 1,
      },
      Object {
        "adult": false,
        "backdropPath": "/test.jpg",
        "genreIds": Array [
          1,
          2,
        ],
        "id": 1,
        "originalLanguage": "en",
        "originalTitle": "test",
        "overview": "test",
        "popularity": 1,
        "posterPath": "/test.jpg",
        "releaseDate": "1",
        "title": "test",
        "video": false,
        "voteAverage": 1,
        "voteCount": 1,
      },
    ]
  }
  status="loading"
  updateMovieTrailerKey={[Function]}
/>
`;

exports[`render SearchResultsPage component updates status correctly when all movies are loaded 1`] = `
<SearchResultsPage
  filterMovies={[Function]}
  genres={
    Array [
      Object {
        "id": 1,
        "name": "Action",
      },
    ]
  }
  getTopRatedMovies={[Function]}
  getTrending={[Function]}
  getUpcoming={[Function]}
  handleGridToggle={[Function]}
  isGrid={true}
  movieTrailerKey="testMovieTrailerKey"
  movies={
    Array [
      Object {
        "adult": false,
        "backdropPath": "/test.jpg",
        "genreIds": Array [
          1,
          2,
        ],
        "id": 1,
        "originalLanguage": "en",
        "originalTitle": "test",
        "overview": "test",
        "popularity": 1,
        "posterPath": "/test.jpg",
        "releaseDate": "1",
        "title": "test",
        "video": false,
        "voteAverage": 1,
        "voteCount": 1,
      },
    ]
  }
  status="loading"
  updateMovieTrailerKey={[Function]}
/>
`;
