// Jest Snapshot v1, https://goo.gl/fbAQLP

exports[`render MovieCardGrid component render correctly 1`] = `
<article
  className="movieCard"
>
  <section
    className="poster"
  >
    <Cover
      className="inCard"
    >
      <img
        alt="test"
        src="https://image.tmdb.org/t/p/w780/test.jpg"
      />
    </Cover>
    <div
      className="viewInfo"
    >
      <Button
        className="playButton"
        onClick={[Function]}
      >
        
      </Button>
      <span
        className="watchNowText"
      >
        Watch Now
      </span>
      <Button
        className="primary"
        onClick={[Function]}
      >
        View Info
      </Button>
    </div>
  </section>
  <section
    className="generalInfo"
  >
    <Title
      className="secondary"
    >
      <mockConstructor
        to="/tested/movie/1"
      >
        test
      </mockConstructor>
    </Title>
    <GenreList
      className="secondary"
      order={3}
    >
      Action
      SciFi
    </GenreList>
    <Rating
      className="secondary"
      withStars={false}
    >
      1
    </Rating>
  </section>
  <section
    className="infoBlock"
  >
    <Cover
      className="backdropCover"
    >
      <img
        alt="test"
        src="https://image.tmdb.org/t/p/w780/test.jpg"
      />
    </Cover>
    <Button
      className="closeButton_inMovieCard"
      onClick={[Function]}
    >
      ×
    </Button>
    <section
      className="generalInfo"
    >
      <Title
        className="tertiary"
      >
        <mockConstructor
          to="/tested/movie/1"
        >
          test
        </mockConstructor>
      </Title>
      <GenreList
        className="secondary"
        order={3}
      >
        Action
        SciFi
      </GenreList>
      <Rating
        className="secondary"
        withStars={false}
      >
        1
      </Rating>
    </section>
    <MovieSynopsis
      className="secondary_grid"
      isShown={false}
    >
      test
    </MovieSynopsis>
    <Button
      className="secondary"
      onClick={[Function]}
    >
      Watch Now
    </Button>
  </section>
</article>
`;

exports[`render MovieCardGrid component render playButton click 1`] = `
<article
  className="movieCard"
>
  <section
    className="poster"
  >
    <Cover
      className="inCard"
    >
      <img
        alt="test"
        src="https://image.tmdb.org/t/p/w780/test.jpg"
      />
    </Cover>
    <div
      className="viewInfo"
    >
      <Button
        className="playButton"
        onClick={[Function]}
      >
        
      </Button>
      <span
        className="watchNowText"
      >
        Watch Now
      </span>
      <Button
        className="primary"
        onClick={[Function]}
      >
        View Info
      </Button>
    </div>
  </section>
  <section
    className="generalInfo"
  >
    <Title
      className="secondary"
    >
      <mockConstructor
        to="/tested/movie/1"
      >
        test
      </mockConstructor>
    </Title>
    <GenreList
      className="secondary"
      order={3}
    >
      Action
      SciFi
    </GenreList>
    <Rating
      className="secondary"
      withStars={false}
    >
      1
    </Rating>
  </section>
  <section
    className="infoBlock"
  >
    <Cover
      className="backdropCover"
    >
      <img
        alt="test"
        src="https://image.tmdb.org/t/p/w780/test.jpg"
      />
    </Cover>
    <Button
      className="closeButton_inMovieCard"
      onClick={[Function]}
    >
      ×
    </Button>
    <section
      className="generalInfo"
    >
      <Title
        className="tertiary"
      >
        <mockConstructor
          to="/tested/movie/1"
        >
          test
        </mockConstructor>
      </Title>
      <GenreList
        className="secondary"
        order={3}
      >
        Action
        SciFi
      </GenreList>
      <Rating
        className="secondary"
        withStars={false}
      >
        1
      </Rating>
    </section>
    <MovieSynopsis
      className="secondary_grid"
      isShown={false}
    >
      test
    </MovieSynopsis>
    <Button
      className="secondary"
      onClick={[Function]}
    >
      Watch Now
    </Button>
  </section>
</article>
`;

exports[`render MovieCardGrid component render watchNow button click 1`] = `
<article
  className="movieCard"
>
  <section
    className="poster"
  >
    <Cover
      className="inCard"
    >
      <img
        alt="test"
        src="https://image.tmdb.org/t/p/w780/test.jpg"
      />
    </Cover>
    <div
      className="viewInfo"
    >
      <Button
        className="playButton"
        onClick={[Function]}
      >
        
      </Button>
      <span
        className="watchNowText"
      >
        Watch Now
      </span>
      <Button
        className="primary"
        onClick={[Function]}
      >
        View Info
      </Button>
    </div>
  </section>
  <section
    className="generalInfo"
  >
    <Title
      className="secondary"
    >
      <mockConstructor
        to="/tested/movie/1"
      >
        test
      </mockConstructor>
    </Title>
    <GenreList
      className="secondary"
      order={3}
    >
      Action
      SciFi
    </GenreList>
    <Rating
      className="secondary"
      withStars={false}
    >
      1
    </Rating>
  </section>
  <section
    className="infoBlock"
  >
    <Cover
      className="backdropCover"
    >
      <img
        alt="test"
        src="https://image.tmdb.org/t/p/w780/test.jpg"
      />
    </Cover>
    <Button
      className="closeButton_inMovieCard"
      onClick={[Function]}
    >
      ×
    </Button>
    <section
      className="generalInfo"
    >
      <Title
        className="tertiary"
      >
        <mockConstructor
          to="/tested/movie/1"
        >
          test
        </mockConstructor>
      </Title>
      <GenreList
        className="secondary"
        order={3}
      >
        Action
        SciFi
      </GenreList>
      <Rating
        className="secondary"
        withStars={false}
      >
        1
      </Rating>
    </section>
    <MovieSynopsis
      className="secondary_grid"
      isShown={false}
    >
      test
    </MovieSynopsis>
    <Button
      className="secondary"
      onClick={[Function]}
    >
      Watch Now
    </Button>
  </section>
</article>
`;
